Component: ARM Compiler 5.06 update 7 (build 960) Tool: armlink [4d3601]

==============================================================================

Section Cross References

    startup_stm32f407xx.o(STACK) refers (Special) to heapauxi.o(.text) for __use_two_region_memory
    startup_stm32f407xx.o(HEAP) refers (Special) to heapauxi.o(.text) for __use_two_region_memory
    startup_stm32f407xx.o(RESET) refers (Special) to heapauxi.o(.text) for __use_two_region_memory
    startup_stm32f407xx.o(RESET) refers to startup_stm32f407xx.o(STACK) for __initial_sp
    startup_stm32f407xx.o(RESET) refers to startup_stm32f407xx.o(.text) for Reset_Handler
    startup_stm32f407xx.o(RESET) refers to stm32f4xx_it.o(i.NMI_Handler) for NMI_Handler
    startup_stm32f407xx.o(RESET) refers to stm32f4xx_it.o(i.HardFault_Handler) for HardFault_Handler
    startup_stm32f407xx.o(RESET) refers to stm32f4xx_it.o(i.MemManage_Handler) for MemManage_Handler
    startup_stm32f407xx.o(RESET) refers to stm32f4xx_it.o(i.BusFault_Handler) for BusFault_Handler
    startup_stm32f407xx.o(RESET) refers to stm32f4xx_it.o(i.UsageFault_Handler) for UsageFault_Handler
    startup_stm32f407xx.o(RESET) refers to port.o(.emb_text) for SVC_Handler
    startup_stm32f407xx.o(RESET) refers to stm32f4xx_it.o(i.DebugMon_Handler) for DebugMon_Handler
    startup_stm32f407xx.o(RESET) refers to cmsis_os2.o(i.SysTick_Handler) for SysTick_Handler
    startup_stm32f407xx.o(RESET) refers to stm32f4xx_it.o(i.EXTI3_IRQHandler) for EXTI3_IRQHandler
    startup_stm32f407xx.o(RESET) refers to stm32f4xx_it.o(i.TIM8_TRG_COM_TIM14_IRQHandler) for TIM8_TRG_COM_TIM14_IRQHandler
    startup_stm32f407xx.o(.text) refers (Special) to heapauxi.o(.text) for __use_two_region_memory
    startup_stm32f407xx.o(.text) refers to system_stm32f4xx.o(i.SystemInit) for SystemInit
    startup_stm32f407xx.o(.text) refers to __main.o(!!!main) for __main
    startup_stm32f407xx.o(.text) refers to startup_stm32f407xx.o(HEAP) for Heap_Mem
    startup_stm32f407xx.o(.text) refers to startup_stm32f407xx.o(STACK) for Stack_Mem
    font16.o(.data) refers to font16.o(.constdata) for Font16_Table
    ili9341.o(i.drawHeart) refers to ili9341.o(i.lcdDrawPixel) for lcdDrawPixel
    ili9341.o(i.drawHeart) refers to ili9341.o(.data) for .data
    ili9341.o(i.lcdBacklightOff) refers to stm32f4xx_hal_gpio.o(i.HAL_GPIO_WritePin) for HAL_GPIO_WritePin
    ili9341.o(i.lcdBacklightOn) refers to stm32f4xx_hal_gpio.o(i.HAL_GPIO_WritePin) for HAL_GPIO_WritePin
    ili9341.o(i.lcdDisplayOff) refers to stm32f4xx_hal_gpio.o(i.HAL_GPIO_WritePin) for HAL_GPIO_WritePin
    ili9341.o(i.lcdDisplayOn) refers to stm32f4xx_hal_gpio.o(i.HAL_GPIO_WritePin) for HAL_GPIO_WritePin
    ili9341.o(i.lcdDrawChar) refers to ili9341.o(i.lcdDrawPixel) for lcdDrawPixel
    ili9341.o(i.lcdDrawChar) refers to ili9341.o(.data) for .data
    ili9341.o(i.lcdDrawCircle) refers to ili9341.o(i.lcdDrawPixel) for lcdDrawPixel
    ili9341.o(i.lcdDrawCircleHelper) refers to ili9341.o(i.lcdDrawPixel) for lcdDrawPixel
    ili9341.o(i.lcdDrawHLine) refers to ili9341.o(i.lcdSetWindow) for lcdSetWindow
    ili9341.o(i.lcdDrawHLine) refers to ili9341.o(.data) for .data
    ili9341.o(i.lcdDrawImage) refers to ili9341.o(i.lcdSetWindow) for lcdSetWindow
    ili9341.o(i.lcdDrawImage) refers to ili9341.o(.data) for .data
    ili9341.o(i.lcdDrawLine) refers to ili9341.o(i.lcdDrawPixel) for lcdDrawPixel
    ili9341.o(i.lcdDrawPixel) refers to ili9341.o(i.lcdSetWindow) for lcdSetWindow
    ili9341.o(i.lcdDrawPixel) refers to ili9341.o(.data) for .data
    ili9341.o(i.lcdDrawRect) refers to ili9341.o(i.lcdDrawHLine) for lcdDrawHLine
    ili9341.o(i.lcdDrawRect) refers to ili9341.o(i.lcdDrawVLine) for lcdDrawVLine
    ili9341.o(i.lcdDrawRoundRect) refers to ili9341.o(i.lcdDrawHLine) for lcdDrawHLine
    ili9341.o(i.lcdDrawRoundRect) refers to ili9341.o(i.lcdDrawVLine) for lcdDrawVLine
    ili9341.o(i.lcdDrawRoundRect) refers to ili9341.o(i.lcdDrawCircleHelper) for lcdDrawCircleHelper
    ili9341.o(i.lcdDrawTriangle) refers to ili9341.o(i.lcdDrawLine) for lcdDrawLine
    ili9341.o(i.lcdDrawVLine) refers to ili9341.o(i.lcdSetWindow) for lcdSetWindow
    ili9341.o(i.lcdDrawVLine) refers to ili9341.o(.data) for .data
    ili9341.o(i.lcdFillCircle) refers to ili9341.o(i.lcdDrawVLine) for lcdDrawVLine
    ili9341.o(i.lcdFillCircle) refers to ili9341.o(i.lcdFillCircleHelper) for lcdFillCircleHelper
    ili9341.o(i.lcdFillCircleHelper) refers to ili9341.o(i.lcdDrawVLine) for lcdDrawVLine
    ili9341.o(i.lcdFillRGB) refers to ili9341.o(i.lcdSetWindow) for lcdSetWindow
    ili9341.o(i.lcdFillRGB) refers to ili9341.o(.data) for .data
    ili9341.o(i.lcdFillRect) refers to ili9341.o(i.lcdDrawHLine) for lcdDrawHLine
    ili9341.o(i.lcdFillRect) refers to ili9341.o(.data) for .data
    ili9341.o(i.lcdFillRoundRect) refers to ili9341.o(i.lcdFillRect) for lcdFillRect
    ili9341.o(i.lcdFillRoundRect) refers to ili9341.o(i.lcdFillCircleHelper) for lcdFillCircleHelper
[...]
    i.HAL_RCC_ClockConfig                    0x08000c38   Section        0  stm32f4xx_hal_rcc.o(i.HAL_RCC_ClockConfig)
    i.HAL_RCC_GetClockConfig                 0x08000d6c   Section        0  stm32f4xx_hal_rcc.o(i.HAL_RCC_GetClockConfig)
    i.HAL_RCC_GetPCLK1Freq                   0x08000dac   Section        0  stm32f4xx_hal_rcc.o(i.HAL_RCC_GetPCLK1Freq)
    i.HAL_RCC_GetSysClockFreq                0x08000dcc   Section        0  stm32f4xx_hal_rcc.o(i.HAL_RCC_GetSysClockFreq)
    i.HAL_RCC_OscConfig                      0x08000e2c   Section        0  stm32f4xx_hal_rcc.o(i.HAL_RCC_OscConfig)
    i.HAL_SRAM_Init                          0x08001198   Section        0  stm32f4xx_hal_sram.o(i.HAL_SRAM_Init)
    i.HAL_SRAM_MspInit                       0x080011f4   Section        0  fsmc.o(i.HAL_SRAM_MspInit)
    i.HAL_TIMEx_BreakCallback                0x080011f8   Section        0  stm32f4xx_hal_tim_ex.o(i.HAL_TIMEx_BreakCallback)
    i.HAL_TIMEx_CommutCallback               0x080011fa   Section        0  stm32f4xx_hal_tim_ex.o(i.HAL_TIMEx_CommutCallback)
    i.HAL_TIM_Base_Init                      0x080011fc   Section        0  stm32f4xx_hal_tim.o(i.HAL_TIM_Base_Init)
    i.HAL_TIM_Base_MspInit                   0x08001256   Section        0  stm32f4xx_hal_tim.o(i.HAL_TIM_Base_MspInit)
    i.HAL_TIM_Base_Start_IT                  0x08001258   Section        0  stm32f4xx_hal_tim.o(i.HAL_TIM_Base_Start_IT)
    i.HAL_TIM_IC_CaptureCallback             0x080012d8   Section        0  stm32f4xx_hal_tim.o(i.HAL_TIM_IC_CaptureCallback)
    i.HAL_TIM_IRQHandler                     0x080012da   Section        0  stm32f4xx_hal_tim.o(i.HAL_TIM_IRQHandler)
    i.HAL_TIM_OC_DelayElapsedCallback        0x0800140a   Section        0  stm32f4xx_hal_tim.o(i.HAL_TIM_OC_DelayElapsedCallback)
    i.HAL_TIM_PWM_PulseFinishedCallback      0x0800140c   Section        0  stm32f4xx_hal_tim.o(i.HAL_TIM_PWM_PulseFinishedCallback)
    i.HAL_TIM_PeriodElapsedCallback          0x08001410   Section        0  main.o(i.HAL_TIM_PeriodElapsedCallback)
    i.HAL_TIM_TriggerCallback                0x08001424   Section        0  stm32f4xx_hal_tim.o(i.HAL_TIM_TriggerCallback)
    i.HardFault_Handler                      0x08001426   Section        0  stm32f4xx_it.o(i.HardFault_Handler)
    i.InitGame                               0x08001428   Section        0  flappybird.o(i.InitGame)
    i.MX_FSMC_Init                           0x080014a8   Section        0  fsmc.o(i.MX_FSMC_Init)
    i.MX_GPIO_Init                           0x08001514   Section        0  gpio.o(i.MX_GPIO_Init)
    i.MemManage_Handler                      0x080015ec   Section        0  stm32f4xx_it.o(i.MemManage_Handler)
    i.MylcdWriteData                         0x080015f0   Section        0  ili9341.o(i.MylcdWriteData)
    i.NMI_Handler                            0x080015fc   Section        0  stm32f4xx_it.o(i.NMI_Handler)
    i.SysTick_Handler                        0x080015fe   Section        0  cmsis_os2.o(i.SysTick_Handler)
    i.SystemClock_Config                     0x08001618   Section        0  main.o(i.SystemClock_Config)
    i.SystemInit                             0x080016a8   Section        0  system_stm32f4xx.o(i.SystemInit)
    i.TIM8_TRG_COM_TIM14_IRQHandler          0x080016b8   Section        0  stm32f4xx_it.o(i.TIM8_TRG_COM_TIM14_IRQHandler)
    i.TIM_Base_SetConfig                     0x080016c4   Section        0  stm32f4xx_hal_tim.o(i.TIM_Base_SetConfig)
    i.Task_BirdControl                       0x0800179c   Section        0  flappybird.o(i.Task_BirdControl)
    i.Task_CollisionCheck                    0x080017f4   Section        0  flappybird.o(i.Task_CollisionCheck)
    i.Task_ColumnMove                        0x0800184c   Section        0  flappybird.o(i.Task_ColumnMove)
    i.Task_Display                           0x0800194c   Section        0  flappybird.o(i.Task_Display)
    i.UsageFault_Handler                     0x08001984   Section        0  stm32f4xx_it.o(i.UsageFault_Handler)
    i.__NVIC_SetPriority                     0x08001986   Section        0  stm32f4xx_hal_cortex.o(i.__NVIC_SetPriority)
    __NVIC_SetPriority                       0x08001987   Thumb Code    32  stm32f4xx_hal_cortex.o(i.__NVIC_SetPriority)
    i.frameBuffer_DrawBird                   0x080019a6   Section        0  flappybird.o(i.frameBuffer_DrawBird)
    i.frameBuffer_DrawColumn                 0x080019c4   Section        0  flappybird.o(i.frameBuffer_DrawColumn)
    i.frameBuffer_fill                       0x08001a5c   Section        0  flappybird.o(i.frameBuffer_fill)
    i.frameBuffer_fillRect                   0x08001a74   Section        0  flappybird.o(i.frameBuffer_fillRect)
    i.frameBuffer_fillRectWH                 0x08001af2   Section        0  flappybird.o(i.frameBuffer_fillRectWH)
    i.lcdBuildMemoryAccessControlConfig      0x08001b64   Section        0  ili9341.o(i.lcdBuildMemoryAccessControlConfig)
    lcdBuildMemoryAccessControlConfig        0x08001b65   Thumb Code    48  ili9341.o(i.lcdBuildMemoryAccessControlConfig)
    i.lcdInit                                0x08001b94   Section        0  ili9341.o(i.lcdInit)
    i.lcdRefresh                             0x08001d70   Section        0  flappybird.o(i.lcdRefresh)
    i.lcdSetWindow                           0x08001db8   Section        0  ili9341.o(i.lcdSetWindow)
    i.main                                   0x08001df4   Section        0  main.o(i.main)
    i.osKernelInitialize                     0x08001e24   Section        0  cmsis_os2.o(i.osKernelInitialize)
    i.osKernelStart                          0x08001e48   Section        0  cmsis_os2.o(i.osKernelStart)
    i.prvAddCurrentTaskToDelayedList         0x08001e80   Section        0  tasks.o(i.prvAddCurrentTaskToDelayedList)
    prvAddCurrentTaskToDelayedList           0x08001e81   Thumb Code    84  tasks.o(i.prvAddCurrentTaskToDelayedList)
    i.prvAddNewTaskToReadyList               0x08001edc   Section        0  tasks.o(i.prvAddNewTaskToReadyList)
    prvAddNewTaskToReadyList                 0x08001edd   Thumb Code   190  tasks.o(i.prvAddNewTaskToReadyList)
    i.prvCheckForValidListAndQueue           0x08001fac   Section        0  timers.o(i.prvCheckForValidListAndQueue)
    prvCheckForValidListAndQueue             0x08001fad   Thumb Code    72  timers.o(i.prvCheckForValidListAndQueue)
    i.prvCopyDataFromQueue                   0x08002004   Section        0  queue.o(i.prvCopyDataFromQueue)
    prvCopyDataFromQueue                     0x08002005   Thumb Code    38  queue.o(i.prvCopyDataFromQueue)
    i.prvCopyDataToQueue                     0x0800202a   Section        0  queue.o(i.prvCopyDataToQueue)
    prvCopyDataToQueue                       0x0800202b   Thumb Code   108  queue.o(i.prvCopyDataToQueue)
    i.prvDeleteTCB                           0x08002096   Section        0  tasks.o(i.prvDeleteTCB)
    prvDeleteTCB                             0x08002097   Thumb Code    52  tasks.o(i.prvDeleteTCB)
    i.prvHeapInit                            0x080020cc   Section        0  heap_4.o(i.prvHeapInit)
    prvHeapInit                              0x080020cd   Thumb Code    66  heap_4.o(i.prvHeapInit)
    i.prvIdleTask                            0x08002118   Section        0  tasks.o(i.prvIdleTask)
    prvIdleTask                              0x08002119   Thumb Code    82  tasks.o(i.prvIdleTask)
    i.prvInitialiseNewQueue                  0x08002178   Section        0  queue.o(i.prvInitialiseNewQueue)
    prvInitialiseNewQueue                    0x08002179   Thumb Code    34  queue.o(i.prvInitialiseNewQueue)
    i.prvInitialiseNewTask                   0x0800219c   Section        0  tasks.o(i.prvInitialiseNewTask)
    prvInitialiseNewTask                     0x0800219d   Thumb Code   176  tasks.o(i.prvInitialiseNewTask)
    i.prvInsertBlockIntoFreeList             0x0800224c   Section        0  heap_4.o(i.prvInsertBlockIntoFreeList)
    prvInsertBlockIntoFreeList               0x0800224d   Thumb Code    72  heap_4.o(i.prvInsertBlockIntoFreeList)
    i.prvInsertTimerInActiveList             0x08002298   Section        0  timers.o(i.prvInsertTimerInActiveList)
    prvInsertTimerInActiveList               0x08002299   Thumb Code    52  timers.o(i.prvInsertTimerInActiveList)
    i.prvIsQueueEmpty                        0x080022d0   Section        0  queue.o(i.prvIsQueueEmpty)
    prvIsQueueEmpty                          0x080022d1   Thumb Code    28  queue.o(i.prvIsQueueEmpty)
    i.prvProcessReceivedCommands             0x080022ec   Section        0  timers.o(i.prvProcessReceivedCommands)
    prvProcessReceivedCommands               0x080022ed   Thumb Code   248  timers.o(i.prvProcessReceivedCommands)
    i.prvProcessTimerOrBlockTask             0x080023e8   Section        0  timers.o(i.prvProcessTimerOrBlockTask)
    prvProcessTimerOrBlockTask               0x080023e9   Thumb Code   182  timers.o(i.prvProcessTimerOrBlockTask)
    i.prvResetNextTaskUnblockTime            0x080024a8   Section        0  tasks.o(i.prvResetNextTaskUnblockTime)
    prvResetNextTaskUnblockTime              0x080024a9   Thumb Code    26  tasks.o(i.prvResetNextTaskUnblockTime)
    i.prvSampleTimeNow                       0x080024c8   Section        0  timers.o(i.prvSampleTimeNow)
    prvSampleTimeNow                         0x080024c9   Thumb Code    36  timers.o(i.prvSampleTimeNow)
    i.prvSwitchTimerLists                    0x080024f0   Section        0  timers.o(i.prvSwitchTimerLists)
    prvSwitchTimerLists                      0x080024f1   Thumb Code   104  timers.o(i.prvSwitchTimerLists)
    i.prvTaskExitError                       0x0800255c   Section        0  port.o(i.prvTaskExitError)
    prvTaskExitError                         0x0800255d   Thumb Code    36  port.o(i.prvTaskExitError)
    i.prvTimerTask                           0x08002584   Section        0  timers.o(i.prvTimerTask)
    prvTimerTask                             0x08002585   Thumb Code    32  timers.o(i.prvTimerTask)
    i.prvUnlockQueue                         0x080025a8   Section        0  queue.o(i.prvUnlockQueue)
    prvUnlockQueue                           0x080025a9   Thumb Code   106  queue.o(i.prvUnlockQueue)
    i.pvPortMalloc                           0x08002614   Section        0  heap_4.o(i.pvPortMalloc)
    i.pvTaskIncrementMutexHeldCount          0x080026f0   Section        0  tasks.o(i.pvTaskIncrementMutexHeldCount)
    i.pxPortInitialiseStack                  0x08002708   Section        0  port.o(i.pxPortInitialiseStack)
    i.swapBuffers                            0x08002734   Section        0  flappybird.o(i.swapBuffers)
    i.uxListRemove                           0x08002744   Section        0  list.o(i.uxListRemove)
    i.vApplicationGetIdleTaskMemory          0x0800276c   Section        0  cmsis_os2.o(i.vApplicationGetIdleTaskMemory)
    i.vApplicationGetTimerTaskMemory         0x08002780   Section        0  cmsis_os2.o(i.vApplicationGetTimerTaskMemory)
    i.vListInitialise                        0x08002798   Section        0  list.o(i.vListInitialise)
    i.vListInitialiseItem                    0x080027ae   Section        0  list.o(i.vListInitialiseItem)
    i.vListInsert                            0x080027b4   Section        0  list.o(i.vListInsert)
    i.vListInsertEnd                         0x080027e4   Section        0  list.o(i.vListInsertEnd)
    i.vPortEnterCritical                     0x080027fc   Section        0  port.o(i.vPortEnterCritical)
    i.vPortExitCritical                      0x0800283c   Section        0  port.o(i.vPortExitCritical)
    i.vPortFree                              0x08002864   Section        0  heap_4.o(i.vPortFree)
    i.vPortSetupTimerInterrupt               0x080028c8   Section        0  port.o(i.vPortSetupTimerInterrupt)
    i.vPortValidateInterruptPriority         0x080028ec   Section        0  port.o(i.vPortValidateInterruptPriority)
    i.vQueueAddToRegistry                    0x08002940   Section        0  queue.o(i.vQueueAddToRegistry)
    i.vQueueWaitForMessageRestricted         0x08002968   Section        0  queue.o(i.vQueueWaitForMessageRestricted)
    i.vTaskDelay                             0x080029ac   Section        0  tasks.o(i.vTaskDelay)
    i.vTaskInternalSetTimeOutState           0x080029f8   Section        0  tasks.o(i.vTaskInternalSetTimeOutState)
    i.vTaskMissedYield                       0x08002a08   Section        0  tasks.o(i.vTaskMissedYield)
    i.vTaskPlaceOnEventList                  0x08002a14   Section        0  tasks.o(i.vTaskPlaceOnEventList)
    i.vTaskPlaceOnEventListRestricted        0x08002a44   Section        0  tasks.o(i.vTaskPlaceOnEventListRestricted)
    i.vTaskPriorityDisinheritAfterTimeout    0x08002a7c   Section        0  tasks.o(i.vTaskPriorityDisinheritAfterTimeout)
    i.vTaskStartScheduler                    0x08002b0c   Section        0  tasks.o(i.vTaskStartScheduler)
    i.vTaskSuspendAll                        0x08002b94   Section        0  tasks.o(i.vTaskSuspendAll)
    i.vTaskSwitchContext                     0x08002ba4   Section        0  tasks.o(i.vTaskSwitchContext)
    i.xPortStartScheduler                    0x08002c08   Section        0  port.o(i.xPortStartScheduler)
    i.xPortSysTickHandler                    0x08002cfc   Section        0  port.o(i.xPortSysTickHandler)
    i.xQueueGenericCreate                    0x08002d28   Section        0  queue.o(i.xQueueGenericCreate)
    i.xQueueGenericCreateStatic              0x08002d6a   Section        0  queue.o(i.xQueueGenericCreateStatic)
    i.xQueueGenericReset                     0x08002dd0   Section        0  queue.o(i.xQueueGenericReset)
    i.xQueueGenericSend                      0x08002e58   Section        0  queue.o(i.xQueueGenericSend)
    i.xQueueGenericSendFromISR               0x08002fb8   Section        0  queue.o(i.xQueueGenericSendFromISR)
    i.xQueueGiveFromISR                      0x08003076   Section        0  queue.o(i.xQueueGiveFromISR)
    i.xQueueReceive                          0x08003114   Section        0  queue.o(i.xQueueReceive)
    i.xQueueSemaphoreTake                    0x0800324c   Section        0  queue.o(i.xQueueSemaphoreTake)
    i.xTaskCheckForTimeOut                   0x080033c4   Section        0  tasks.o(i.xTaskCheckForTimeOut)
    i.xTaskCreate                            0x08003438   Section        0  tasks.o(i.xTaskCreate)
    i.xTaskCreateStatic                      0x08003492   Section        0  tasks.o(i.xTaskCreateStatic)
    i.xTaskGetSchedulerState                 0x080034e8   Section        0  tasks.o(i.xTaskGetSchedulerState)
    i.xTaskGetTickCount                      0x08003504   Section        0  tasks.o(i.xTaskGetTickCount)
    i.xTaskIncrementTick                     0x08003510   Section        0  tasks.o(i.xTaskIncrementTick)
    i.xTaskPriorityDisinherit                0x080035d8   Section        0  tasks.o(i.xTaskPriorityDisinherit)
    i.xTaskPriorityInherit                   0x08003658   Section        0  tasks.o(i.xTaskPriorityInherit)
    i.xTaskRemoveFromEventList               0x080036d0   Section        0  tasks.o(i.xTaskRemoveFromEventList)
    i.xTaskResumeAll                         0x08003740   Section        0  tasks.o(i.xTaskResumeAll)
    i.xTimerCreateTimerTask                  0x08003804   Section        0  timers.o(i.xTimerCreateTimerTask)
    i.xTimerGenericCommand                   0x08003864   Section        0  timers.o(i.xTimerGenericCommand)
    x$fpl$fpinit                             0x080038cc   Section       10  fpinit.o(x$fpl$fpinit)
    $v0                                      0x080038cc   Number         0  fpinit.o(x$fpl$fpinit)
    .constdata                               0x080038d6   Section     3040  font16.o(.constdata)
    .constdata                               0x080044b8   Section        8  flappybird.o(.constdata)
    .constdata                               0x080044c0   Section       16  system_stm32f4xx.o(.constdata)
    .constdata                               0x080044d0   Section        8  system_stm32f4xx.o(.constdata)
    .data                                    0x20000000   Section        8  font16.o(.data)
    .data                                    0x20000008   Section       32  ili9341.o(.data)
    lcdPortraitConfig                        0x20000008   Data           1  ili9341.o(.data)
    lcdLandscapeConfig                       0x20000009   Data           1  ili9341.o(.data)
    lcdPortraitMirrorConfig                  0x2000000a   Data           1  ili9341.o(.data)
    lcdLandscapeMirrorConfig                 0x2000000b   Data           1  ili9341.o(.data)
    cursorXY                                 0x2000000c   Data           4  ili9341.o(.data)
    lcdProperties                            0x20000010   Data           8  ili9341.o(.data)
    lcdFont                                  0x20000018   Data          16  ili9341.o(.data)
    .data                                    0x20000028   Section       24  flappybird.o(.data)
    columnCount                              0x20000028   Data           1  flappybird.o(.data)
    score                                    0x2000002a   Data           2  flappybird.o(.data)
    columnflag                               0x20000038   Data           4  flappybird.o(.data)
    .data                                    0x20000040   Section        8  fsmc.o(.data)
    FSMC_Initialized                         0x20000040   Data           4  fsmc.o(.data)
    FSMC_DeInitialized                       0x20000044   Data           4  fsmc.o(.data)
    .data                                    0x20000048   Section       12  stm32f4xx_hal.o(.data)
    .data                                    0x20000054   Section        4  system_stm32f4xx.o(.data)
    .data                                    0x20000058   Section       60  tasks.o(.data)
    uxDeletedTasksWaitingCleanUp             0x2000005c   Data           4  tasks.o(.data)
    uxCurrentNumberOfTasks                   0x20000060   Data           4  tasks.o(.data)
    xTickCount                               0x20000064   Data           4  tasks.o(.data)
    uxTopReadyPriority                       0x20000068   Data           4  tasks.o(.data)
    xSchedulerRunning                        0x2000006c   Data           4  tasks.o(.data)
    xPendedTicks                             0x20000070   Data           4  tasks.o(.data)
    xYieldPending                            0x20000074   Data           4  tasks.o(.data)
    xNumOfOverflows                          0x20000078   Data           4  tasks.o(.data)
    uxTaskNumber                             0x2000007c   Data           4  tasks.o(.data)
    xNextTaskUnblockTime                     0x20000080   Data           4  tasks.o(.data)
    xIdleTaskHandle                          0x20000084   Data           4  tasks.o(.data)
    uxSchedulerSuspended                     0x20000088   Data           4  tasks.o(.data)
    pxDelayedTaskList                        0x2000008c   Data           4  tasks.o(.data)
    pxOverflowDelayedTaskList                0x20000090   Data           4  tasks.o(.data)
    .data                                    0x20000094   Section       20  timers.o(.data)
    xTimerQueue                              0x20000094   Data           4  timers.o(.data)
    xTimerTaskHandle                         0x20000098   Data           4  timers.o(.data)
    xLastTime                                0x2000009c   Data           4  timers.o(.data)
    pxCurrentTimerList                       0x200000a0   Data           4  timers.o(.data)
    pxOverflowTimerList                      0x200000a4   Data           4  timers.o(.data)
    .data                                    0x200000a8   Section        4  cmsis_os2.o(.data)
    KernelState                              0x200000a8   Data           4  cmsis_os2.o(.data)
    .data                                    0x200000ac   Section       32  heap_4.o(.data)
    pxEnd                                    0x200000ac   Data           4  heap_4.o(.data)
    xFreeBytesRemaining                      0x200000b0   Data           4  heap_4.o(.data)
    xMinimumEverFreeBytesRemaining           0x200000b4   Data           4  heap_4.o(.data)
    xNumberOfSuccessfulAllocations           0x200000b8   Data           4  heap_4.o(.data)
    xNumberOfSuccessfulFrees                 0x200000bc   Data           4  heap_4.o(.data)
    xBlockAllocatedBit                       0x200000c0   Data           4  heap_4.o(.data)
    xStart                                   0x200000c4   Data           8  heap_4.o(.data)
    .data                                    0x200000cc   Section       12  port.o(.data)
    ucMaxSysCallPriority                     0x200000cc   Data           1  port.o(.data)
    uxCriticalNesting                        0x200000d0   Data           4  port.o(.data)
    ulMaxPRIGROUPValue                       0x200000d4   Data           4  port.o(.data)
    .bss                                     0x200000d8   Section       24  flappybird.o(.bss)
    .bss                                     0x200000f0   Section     9600  flappybird.o(.bss)
    .bss                                     0x20002670   Section     9600  flappybird.o(.bss)
    .bss                                     0x20004bf0   Section       80  fsmc.o(.bss)
    .bss                                     0x20004c40   Section       72  stm32f4xx_hal_timebase_tim.o(.bss)
    .bss                                     0x20004c88   Section       64  queue.o(.bss)
    .bss                                     0x20004cc8   Section     1220  tasks.o(.bss)
    pxReadyTasksLists                        0x20004cc8   Data        1120  tasks.o(.bss)
    xDelayedTaskList1                        0x20005128   Data          20  tasks.o(.bss)
    xDelayedTaskList2                        0x2000513c   Data          20  tasks.o(.bss)
    xPendingReadyList                        0x20005150   Data          20  tasks.o(.bss)
    xTasksWaitingTermination                 0x20005164   Data          20  tasks.o(.bss)
    xSuspendedTaskList                       0x20005178   Data          20  tasks.o(.bss)
    .bss                                     0x2000518c   Section      280  timers.o(.bss)
    xStaticTimerQueue                        0x2000518c   Data          80  timers.o(.bss)
    ucStaticTimerQueueStorage                0x200051dc   Data         160  timers.o(.bss)
    xActiveTimerList1                        0x2000527c   Data          20  timers.o(.bss)
    xActiveTimerList2                        0x20005290   Data          20  timers.o(.bss)
    .bss                                     0x200052a4   Section     1720  cmsis_os2.o(.bss)
    Idle_TCB                                 0x200052a4   Data          92  cmsis_os2.o(.bss)
    Idle_Stack                               0x20005300   Data         512  cmsis_os2.o(.bss)
    Timer_TCB                                0x20005500   Data          92  cmsis_os2.o(.bss)
    Timer_Stack                              0x2000555c   Data        1024  cmsis_os2.o(.bss)
    .bss                                     0x2000595c   Section    15360  heap_4.o(.bss)
    ucHeap                                   0x2000595c   Data       15360  heap_4.o(.bss)
    .bss                                     0x2000955c   Section      228  rand.o(.bss)
    .bss                                     0x20009640   Section       96  libspace.o(.bss)
    HEAP                                     0x200096a0   Section      512  startup_stm32f407xx.o(HEAP)
    Heap_Mem                                 0x200096a0   Data         512  startup_stm32f407xx.o(HEAP)
    STACK                                    0x200098a0   Section     1024  startup_stm32f407xx.o(STACK)
    Stack_Mem                                0x200098a0   Data        1024  startup_stm32f407xx.o(STACK)
    __initial_sp                             0x20009ca0   Data           0  startup_stm32f407xx.o(STACK)

    Global Symbols

    Symbol Name                              Value     Ov Type        Size  Object(Section)

    BuildAttributes$$THM_ISAv4$E$P$D$K$B$S$7EM$VFPi3$EXTD16$VFPS$VFMA$PE$A:L22UL41UL21$X:L11$S22US41US21$IEEE1$IW$USESV6$~STKCKD$USESV7$~SHL$OTIME$ROPI$IEEEJ$EBA8$UX$STANDARDLIB$REQ8$PRES8$EABIv2 0x00000000   Number         0  anon$$obj.o ABSOLUTE
    __ARM_use_no_argv                        0x00000000   Number         0  main.o ABSOLUTE
    _printf_flags                            0x00000000   Number         0  printf_stubs.o ABSOLUTE
    _printf_return_value                     0x00000000   Number         0  printf_stubs.o ABSOLUTE
    _printf_sizespec                         0x00000000   Number         0  printf_stubs.o ABSOLUTE
    _printf_widthprec                        0x00000000   Number         0  printf_stubs.o ABSOLUTE
    __ARM_exceptions_init                     - Undefined Weak Reference
    __alloca_initialize                       - Undefined Weak Reference
    __arm_fini_                               - Undefined Weak Reference
    __arm_preinit_                            - Undefined Weak Reference
    __cpp_initialize__aeabi_                  - Undefined Weak Reference
    __cxa_finalize                            - Undefined Weak Reference
    __sigvec_lookup                           - Undefined Weak Reference
    _atexit_init                              - Undefined Weak Reference
    _call_atexit_fns                          - Undefined Weak Reference
    _clock_init                               - Undefined Weak Reference
    _fp_trap_init                             - Undefined Weak Reference
    _fp_trap_shutdown                         - Undefined Weak Reference
    _get_lc_collate                           - Undefined Weak Reference
    _get_lc_monetary                          - Undefined Weak Reference
    _get_lc_time                              - Undefined Weak Reference
    _getenv_init                              - Undefined Weak Reference
    _handle_redirection                       - Undefined Weak Reference
    _init_alloc                               - Undefined Weak Reference
    _init_user_alloc                          - Undefined Weak Reference
    _initio                                   - Undefined Weak Reference
    _printf_mbtowc                            - Undefined Weak Reference
    _printf_wc                                - Undefined Weak Reference
    _signal_finish                            - Undefined Weak Reference
    _signal_init                              - Undefined Weak Reference
    _terminate_alloc                          - Undefined Weak Reference
    _terminate_user_alloc                     - Undefined Weak Reference
    _terminateio                              - Undefined Weak Reference
    __Vectors_Size                           0x00000188   Number         0  startup_stm32f407xx.o ABSOLUTE
    __Vectors                                0x08000000   Data           4  startup_stm32f407xx.o(RESET)
    __Vectors_End                            0x08000188   Data           0  startup_stm32f407xx.o(RESET)
    __main                                   0x08000189   Thumb Code     8  __main.o(!!!main)
    __scatterload                            0x08000191   Thumb Code     0  __scatter.o(!!!scatter)
    __scatterload_rt2                        0x08000191   Thumb Code    44  __scatter.o(!!!scatter)
    __scatterload_rt2_thumb_only             0x08000191   Thumb Code     0  __scatter.o(!!!scatter)
    __scatterload_null                       0x0800019f   Thumb Code     0  __scatter.o(!!!scatter)
    __scatterload_copy                       0x080001c5   Thumb Code    26  __scatter_copy.o(!!handler_copy)
    __scatterload_zeroinit                   0x080001e1   Thumb Code    28  __scatter_zi.o(!!handler_zi)
    __rt_lib_init                            0x080001fd   Thumb Code     0  libinit.o(.ARM.Collect$$libinit$$00000000)
    __rt_lib_init_fp_1                       0x080001ff   Thumb Code     0  libinit2.o(.ARM.Collect$$libinit$$00000001)
    __rt_lib_init_heap_1                     0x08000203   Thumb Code     0  libinit2.o(.ARM.Collect$$libinit$$0000000A)
    __rt_lib_init_preinit_1                  0x08000203   Thumb Code     0  libinit2.o(.ARM.Collect$$libinit$$00000004)
    __rt_lib_init_rand_2                     0x08000203   Thumb Code     0  libinit2.o(.ARM.Collect$$libinit$$0000000D)
    __rt_lib_init_user_alloc_1               0x08000203   Thumb Code     0  libinit2.o(.ARM.Collect$$libinit$$0000000C)
    __rt_lib_init_alloca_1                   0x08000207   Thumb Code     0  libinit2.o(.ARM.Collect$$libinit$$0000002E)
    __rt_lib_init_argv_1                     0x08000207   Thumb Code     0  libinit2.o(.ARM.Collect$$libinit$$0000002C)
    __rt_lib_init_atexit_1                   0x08000207   Thumb Code     0  libinit2.o(.ARM.Collect$$libinit$$0000001B)
    __rt_lib_init_clock_1                    0x08000207   Thumb Code     0  libinit2.o(.ARM.Collect$$libinit$$00000021)
    __rt_lib_init_cpp_1                      0x08000207   Thumb Code     0  libinit2.o(.ARM.Collect$$libinit$$00000032)
    __rt_lib_init_exceptions_1               0x08000207   Thumb Code     0  libinit2.o(.ARM.Collect$$libinit$$00000030)
    __rt_lib_init_fp_trap_1                  0x08000207   Thumb Code     0  libinit2.o(.ARM.Collect$$libinit$$0000001F)
    __rt_lib_init_getenv_1                   0x08000207   Thumb Code     0  libinit2.o(.ARM.Collect$$libinit$$00000023)
    __rt_lib_init_lc_collate_1               0x08000207   Thumb Code     0  libinit2.o(.ARM.Collect$$libinit$$00000011)
    __rt_lib_init_lc_ctype_1                 0x08000207   Thumb Code     0  libinit2.o(.ARM.Collect$$libinit$$00000013)
    __rt_lib_init_lc_monetary_1              0x08000207   Thumb Code     0  libinit2.o(.ARM.Collect$$libinit$$00000015)
    __rt_lib_init_lc_numeric_1               0x08000207   Thumb Code     0  libinit2.o(.ARM.Collect$$libinit$$00000017)
    __rt_lib_init_lc_time_1                  0x08000207   Thumb Code     0  libinit2.o(.ARM.Collect$$libinit$$00000019)
    __rt_lib_init_rand_1                     0x08000207   Thumb Code     0  libinit2.o(.ARM.Collect$$libinit$$0000000E)
    __rt_lib_init_return                     0x08000207   Thumb Code     0  libinit2.o(.ARM.Collect$$libinit$$00000033)
    __rt_lib_init_signal_1                   0x08000207   Thumb Code     0  libinit2.o(.ARM.Collect$$libinit$$0000001D)
    __rt_lib_init_stdio_1                    0x08000207   Thumb Code     0  libinit2.o(.ARM.Collect$$libinit$$00000025)
    __rt_lib_shutdown                        0x08000209   Thumb Code     0  libshutdown.o(.ARM.Collect$$libshutdown$$00000000)
    __rt_lib_shutdown_cpp_1                  0x0800020b   Thumb Code     0  libshutdown2.o(.ARM.Collect$$libshutdown$$00000004)
    __rt_lib_shutdown_fini_1                 0x0800020b   Thumb Code     0  libshutdown2.o(.ARM.Collect$$libshutdown$$00000002)
    __rt_lib_shutdown_fp_trap_1              0x0800020b   Thumb Code     0  libshutdown2.o(.ARM.Collect$$libshutdown$$00000009)
    __rt_lib_shutdown_heap_1                 0x0800020b   Thumb Code     0  libshutdown2.o(.ARM.Collect$$libshutdown$$00000011)
    __rt_lib_shutdown_return                 0x0800020b   Thumb Code     0  libshutdown2.o(.ARM.Collect$$libshutdown$$00000012)
    __rt_lib_shutdown_signal_1               0x0800020b   Thumb Code     0  libshutdown2.o(.ARM.Collect$$libshutdown$$0000000C)
    __rt_lib_shutdown_stdio_1                0x0800020b   Thumb Code     0  libshutdown2.o(.ARM.Collect$$libshutdown$$00000006)
    __rt_lib_shutdown_user_alloc_1           0x0800020b   Thumb Code     0  libshutdown2.o(.ARM.Collect$$libshutdown$$0000000E)
    __rt_entry                               0x0800020d   Thumb Code     0  __rtentry.o(.ARM.Collect$$rtentry$$00000000)
    __rt_entry_presh_1                       0x0800020d   Thumb Code     0  __rtentry2.o(.ARM.Collect$$rtentry$$00000002)
    __rt_entry_sh                            0x0800020d   Thumb Code     0  __rtentry4.o(.ARM.Collect$$rtentry$$00000004)
    __rt_entry_li                            0x08000213   Thumb Code     0  __rtentry2.o(.ARM.Collect$$rtentry$$0000000A)
    __rt_entry_postsh_1                      0x08000213   Thumb Code     0  __rtentry2.o(.ARM.Collect$$rtentry$$00000009)
    __rt_entry_main                          0x08000217   Thumb Code     0  __rtentry2.o(.ARM.Collect$$rtentry$$0000000D)
    __rt_entry_postli_1                      0x08000217   Thumb Code     0  __rtentry2.o(.ARM.Collect$$rtentry$$0000000C)
    __rt_exit                                0x0800021f   Thumb Code     0  rtexit.o(.ARM.Collect$$rtexit$$00000000)
    __rt_exit_ls                             0x08000221   Thumb Code     0  rtexit2.o(.ARM.Collect$$rtexit$$00000003)
    __rt_exit_prels_1                        0x08000221   Thumb Code     0  rtexit2.o(.ARM.Collect$$rtexit$$00000002)
    __rt_exit_exit                           0x08000225   Thumb Code     0  rtexit2.o(.ARM.Collect$$rtexit$$00000004)
    SVC_Handler                              0x0800022d   Thumb Code    28  port.o(.emb_text)
    __asm___6_port_c_39a90d8d__prvStartFirstTask 0x0800024d   Thumb Code    36  port.o(.emb_text)
    __asm___6_port_c_39a90d8d__prvEnableVFP  0x08000275   Thumb Code    16  port.o(.emb_text)
    PendSV_Handler                           0x08000289   Thumb Code    88  port.o(.emb_text)
    vPortGetIPSR                             0x080002e5   Thumb Code     6  port.o(.emb_text)
    rand                                     0x080002ed   Thumb Code    48  rand.o(.emb_text)
    Reset_Handler                            0x08000321   Thumb Code     8  startup_stm32f407xx.o(.text)
    ADC_IRQHandler                           0x0800033b   Thumb Code     0  startup_stm32f407xx.o(.text)
    CAN1_RX0_IRQHandler                      0x0800033b   Thumb Code     0  startup_stm32f407xx.o(.text)
    CAN1_RX1_IRQHandler                      0x0800033b   Thumb Code     0  startup_stm32f407xx.o(.text)
    CAN1_SCE_IRQHandler                      0x0800033b   Thumb Code     0  startup_stm32f407xx.o(.text)
    CAN1_TX_IRQHandler                       0x0800033b   Thumb Code     0  startup_stm32f407xx.o(.text)
    CAN2_RX0_IRQHandler                      0x0800033b   Thumb Code     0  startup_stm32f407xx.o(.text)
    CAN2_RX1_IRQHandler                      0x0800033b   Thumb Code     0  startup_stm32f407xx.o(.text)
    CAN2_SCE_IRQHandler                      0x0800033b   Thumb Code     0  startup_stm32f407xx.o(.text)
    CAN2_TX_IRQHandler                       0x0800033b   Thumb Code     0  startup_stm32f407xx.o(.text)
    DCMI_IRQHandler                          0x0800033b   Thumb Code     0  startup_stm32f407xx.o(.text)
    DMA1_Stream0_IRQHandler                  0x0800033b   Thumb Code     0  startup_stm32f407xx.o(.text)
    DMA1_Stream1_IRQHandler                  0x0800033b   Thumb Code     0  startup_stm32f407xx.o(.text)
    DMA1_Stream2_IRQHandler                  0x0800033b   Thumb Code     0  startup_stm32f407xx.o(.text)
    DMA1_Stream3_IRQHandler                  0x0800033b   Thumb Code     0  startup_stm32f407xx.o(.text)
    DMA1_Stream4_IRQHandler                  0x0800033b   Thumb Code     0  startup_stm32f407xx.o(.text)
    DMA1_Stream5_IRQHandler                  0x0800033b   Thumb Code     0  startup_stm32f407xx.o(.text)
    DMA1_Stream6_IRQHandler                  0x0800033b   Thumb Code     0  startup_stm32f407xx.o(.text)
    DMA1_Stream7_IRQHandler                  0x0800033b   Thumb Code     0  startup_stm32f407xx.o(.text)
    DMA2_Stream0_IRQHandler                  0x0800033b   Thumb Code     0  startup_stm32f407xx.o(.text)
    DMA2_Stream1_IRQHandler                  0x0800033b   Thumb Code     0  startup_stm32f407xx.o(.text)
    DMA2_Stream2_IRQHandler                  0x0800033b   Thumb Code     0  startup_stm32f407xx.o(.text)
    DMA2_Stream3_IRQHandler                  0x0800033b   Thumb Code     0  startup_stm32f407xx.o(.text)
    DMA2_Stream4_IRQHandler                  0x0800033b   Thumb Code     0  startup_stm32f407xx.o(.text)
    DMA2_Stream5_IRQHandler                  0x0800033b   Thumb Code     0  startup_stm32f407xx.o(.text)
    DMA2_Stream6_IRQHandler                  0x0800033b   Thumb Code     0  startup_stm32f407xx.o(.text)
    DMA2_Stream7_IRQHandler                  0x0800033b   Thumb Code     0  startup_stm32f407xx.o(.text)
    ETH_IRQHandler                           0x0800033b   Thumb Code     0  startup_stm32f407xx.o(.text)
    ETH_WKUP_IRQHandler                      0x0800033b   Thumb Code     0  startup_stm32f407xx.o(.text)
    EXTI0_IRQHandler                         0x0800033b   Thumb Code     0  startup_stm32f407xx.o(.text)
    EXTI15_10_IRQHandler                     0x0800033b   Thumb Code     0  startup_stm32f407xx.o(.text)
    EXTI1_IRQHandler                         0x0800033b   Thumb Code     0  startup_stm32f407xx.o(.text)
    EXTI2_IRQHandler                         0x0800033b   Thumb Code     0  startup_stm32f407xx.o(.text)
    EXTI4_IRQHandler                         0x0800033b   Thumb Code     0  startup_stm32f407xx.o(.text)
    EXTI9_5_IRQHandler                       0x0800033b   Thumb Code     0  startup_stm32f407xx.o(.text)
    FLASH_IRQHandler                         0x0800033b   Thumb Code     0  startup_stm32f407xx.o(.text)
    FMC_IRQHandler                           0x0800033b   Thumb Code     0  startup_stm32f407xx.o(.text)
    FPU_IRQHandler                           0x0800033b   Thumb Code     0  startup_stm32f407xx.o(.text)
    HASH_RNG_IRQHandler                      0x0800033b   Thumb Code     0  startup_stm32f407xx.o(.text)
    I2C1_ER_IRQHandler                       0x0800033b   Thumb Code     0  startup_stm32f407xx.o(.text)
    I2C1_EV_IRQHandler                       0x0800033b   Thumb Code     0  startup_stm32f407xx.o(.text)
    I2C2_ER_IRQHandler                       0x0800033b   Thumb Code     0  startup_stm32f407xx.o(.text)
    I2C2_EV_IRQHandler                       0x0800033b   Thumb Code     0  startup_stm32f407xx.o(.text)
    I2C3_ER_IRQHandler                       0x0800033b   Thumb Code     0  startup_stm32f407xx.o(.text)
    I2C3_EV_IRQHandler                       0x0800033b   Thumb Code     0  startup_stm32f407xx.o(.text)
    OTG_FS_IRQHandler                        0x0800033b   Thumb Code     0  startup_stm32f407xx.o(.text)
    OTG_FS_WKUP_IRQHandler                   0x0800033b   Thumb Code     0  startup_stm32f407xx.o(.text)
    OTG_HS_EP1_IN_IRQHandler                 0x0800033b   Thumb Code     0  startup_stm32f407xx.o(.text)
    OTG_HS_EP1_OUT_IRQHandler                0x0800033b   Thumb Code     0  startup_stm32f407xx.o(.text)
    OTG_HS_IRQHandler                        0x0800033b   Thumb Code     0  startup_stm32f407xx.o(.text)
    OTG_HS_WKUP_IRQHandler                   0x0800033b   Thumb Code     0  startup_stm32f407xx.o(.text)
    PVD_IRQHandler                           0x0800033b   Thumb Code     0  startup_stm32f407xx.o(.text)
    RCC_IRQHandler                           0x0800033b   Thumb Code     0  startup_stm32f407xx.o(.text)
    RTC_Alarm_IRQHandler                     0x0800033b   Thumb Code     0  startup_stm32f407xx.o(.text)
    RTC_WKUP_IRQHandler                      0x0800033b   Thumb Code     0  startup_stm32f407xx.o(.text)
    SDIO_IRQHandler                          0x0800033b   Thumb Code     0  startup_stm32f407xx.o(.text)
    SPI1_IRQHandler                          0x0800033b   Thumb Code     0  startup_stm32f407xx.o(.text)
    SPI2_IRQHandler                          0x0800033b   Thumb Code     0  startup_stm32f407xx.o(.text)
    SPI3_IRQHandler                          0x0800033b   Thumb Code     0  startup_stm32f407xx.o(.text)
    TAMP_STAMP_IRQHandler                    0x0800033b   Thumb Code     0  startup_stm32f407xx.o(.text)
    TIM1_BRK_TIM9_IRQHandler                 0x0800033b   Thumb Code     0  startup_stm32f407xx.o(.text)
    TIM1_CC_IRQHandler                       0x0800033b   Thumb Code     0  startup_stm32f407xx.o(.text)
    TIM1_TRG_COM_TIM11_IRQHandler            0x0800033b   Thumb Code     0  startup_stm32f407xx.o(.text)
    TIM1_UP_TIM10_IRQHandler                 0x0800033b   Thumb Code     0  startup_stm32f407xx.o(.text)
    TIM2_IRQHandler                          0x0800033b   Thumb Code     0  startup_stm32f407xx.o(.text)
    TIM3_IRQHandler                          0x0800033b   Thumb Code     0  startup_stm32f407xx.o(.text)
    TIM4_IRQHandler                          0x0800033b   Thumb Code     0  startup_stm32f407xx.o(.text)
    TIM5_IRQHandler                          0x0800033b   Thumb Code     0  startup_stm32f407xx.o(.text)
    TIM6_DAC_IRQHandler                      0x0800033b   Thumb Code     0  startup_stm32f407xx.o(.text)
    TIM7_IRQHandler                          0x0800033b   Thumb Code     0  startup_stm32f407xx.o(.text)
    TIM8_BRK_TIM12_IRQHandler                0x0800033b   Thumb Code     0  startup_stm32f407xx.o(.text)
    TIM8_CC_IRQHandler                       0x0800033b   Thumb Code     0  startup_stm32f407xx.o(.text)
    TIM8_UP_TIM13_IRQHandler                 0x0800033b   Thumb Code     0  startup_stm32f407xx.o(.text)
    UART4_IRQHandler                         0x0800033b   Thumb Code     0  startup_stm32f407xx.o(.text)
    UART5_IRQHandler                         0x0800033b   Thumb Code     0  startup_stm32f407xx.o(.text)
    USART1_IRQHandler                        0x0800033b   Thumb Code     0  startup_stm32f407xx.o(.text)
    USART2_IRQHandler                        0x0800033b   Thumb Code     0  startup_stm32f407xx.o(.text)
    USART3_IRQHandler                        0x0800033b   Thumb Code     0  startup_stm32f407xx.o(.text)
    USART6_IRQHandler                        0x0800033b   Thumb Code     0  startup_stm32f407xx.o(.text)
    WWDG_IRQHandler                          0x0800033b   Thumb Code     0  startup_stm32f407xx.o(.text)
    __user_initial_stackheap                 0x0800033d   Thumb Code     0  startup_stm32f407xx.o(.text)
    __aeabi_uldivmod                         0x08000361   Thumb Code     0  lludivv7m.o(.text)
    _ll_udiv                                 0x08000361   Thumb Code   238  lludivv7m.o(.text)
    srand                                    0x08000451   Thumb Code    42  rand.o(.text)
    _rand_init                               0x0800047b   Thumb Code     4  rand.o(.text)
    __aeabi_memcpy                           0x0800048d   Thumb Code     0  rt_memcpy_v6.o(.text)
    __rt_memcpy                              0x0800048d   Thumb Code   138  rt_memcpy_v6.o(.text)
    _memcpy_lastbytes                        0x080004f3   Thumb Code     0  rt_memcpy_v6.o(.text)
    __aeabi_memset                           0x08000517   Thumb Code    16  aeabi_memset.o(.text)
    __aeabi_memclr4                          0x08000527   Thumb Code     0  rt_memclr_w.o(.text)
    __aeabi_memclr8                          0x08000527   Thumb Code     0  rt_memclr_w.o(.text)
    __rt_memclr_w                            0x08000527   Thumb Code    78  rt_memclr_w.o(.text)
    _memset_w                                0x0800052b   Thumb Code     0  rt_memclr_w.o(.text)
    __use_two_region_memory                  0x08000575   Thumb Code     2  heapauxi.o(.text)
    __rt_heap_escrow$2region                 0x08000577   Thumb Code     2  heapauxi.o(.text)
    __rt_heap_expand$2region                 0x08000579   Thumb Code     2  heapauxi.o(.text)
    __aeabi_memcpy4                          0x0800057b   Thumb Code     0  rt_memcpy_w.o(.text)
    __aeabi_memcpy8                          0x0800057b   Thumb Code     0  rt_memcpy_w.o(.text)
    __rt_memcpy_w                            0x0800057b   Thumb Code   100  rt_memcpy_w.o(.text)
    _memcpy_lastbytes_aligned                0x080005c3   Thumb Code     0  rt_memcpy_w.o(.text)
    __aeabi_memclr                           0x080005df   Thumb Code     0  rt_memclr.o(.text)
    __rt_memclr                              0x080005df   Thumb Code    68  rt_memclr.o(.text)
    _memset                                  0x080005e3   Thumb Code     0  rt_memclr.o(.text)
    __user_setup_stackheap                   0x08000623   Thumb Code    74  sys_stackheap_outer.o(.text)
    exit                                     0x0800066d   Thumb Code    18  exit.o(.text)
    __user_libspace                          0x08000681   Thumb Code     8  libspace.o(.text)
    __user_perproc_libspace                  0x08000681   Thumb Code     0  libspace.o(.text)
    __user_perthread_libspace                0x08000681   Thumb Code     0  libspace.o(.text)
    _sys_exit                                0x08000689   Thumb Code     8  sys_exit.o(.text)
    __I$use$semihosting                      0x08000695   Thumb Code     0  use_no_semi.o(.text)
    __use_no_semihosting_swi                 0x08000695   Thumb Code     2  use_no_semi.o(.text)
    BusFault_Handler                         0x08000697   Thumb Code     2  stm32f4xx_it.o(i.BusFault_Handler)
    __semihosting_library_function           0x08000697   Thumb Code     0  indicate_semi.o(.text)
    DebugMon_Handler                         0x08000699   Thumb Code     2  stm32f4xx_it.o(i.DebugMon_Handler)
    EXTI3_IRQHandler                         0x0800069b   Thumb Code     6  stm32f4xx_it.o(i.EXTI3_IRQHandler)
    Error_Handler                            0x080006a1   Thumb Code     4  main.o(i.Error_Handler)
    FSMC_NORSRAM_Extended_Timing_Init        0x080006a5   Thumb Code    56  stm32f4xx_ll_fsmc.o(i.FSMC_NORSRAM_Extended_Timing_Init)
    FSMC_NORSRAM_Init                        0x080006e1   Thumb Code    98  stm32f4xx_ll_fsmc.o(i.FSMC_NORSRAM_Init)
    FSMC_NORSRAM_Timing_Init                 0x08000749   Thumb Code    64  stm32f4xx_ll_fsmc.o(i.FSMC_NORSRAM_Timing_Init)
    HAL_Delay                                0x0800078d   Thumb Code    32  stm32f4xx_hal.o(i.HAL_Delay)
    HAL_GPIO_EXTI_Callback                   0x08000825   Thumb Code    56  stm32f4xx_it.o(i.HAL_GPIO_EXTI_Callback)
    HAL_GPIO_EXTI_IRQHandler                 0x0800086d   Thumb Code    18  stm32f4xx_hal_gpio.o(i.HAL_GPIO_EXTI_IRQHandler)
    HAL_GPIO_Init                            0x08000885   Thumb Code   450  stm32f4xx_hal_gpio.o(i.HAL_GPIO_Init)
    HAL_GPIO_ReadPin                         0x08000a75   Thumb Code    10  stm32f4xx_hal_gpio.o(i.HAL_GPIO_ReadPin)
    HAL_GPIO_TogglePin                       0x08000a7f   Thumb Code    16  stm32f4xx_hal_gpio.o(i.HAL_GPIO_TogglePin)
    HAL_GPIO_WritePin                        0x08000a8f   Thumb Code    10  stm32f4xx_hal_gpio.o(i.HAL_GPIO_WritePin)
    HAL_GetTick                              0x08000a99   Thumb Code     6  stm32f4xx_hal.o(i.HAL_GetTick)
    HAL_IncTick                              0x08000aa5   Thumb Code    12  stm32f4xx_hal.o(i.HAL_IncTick)
    HAL_Init                                 0x08000ab5   Thumb Code    48  stm32f4xx_hal.o(i.HAL_Init)
    HAL_InitTick                             0x08000ae9   Thumb Code   132  stm32f4xx_hal_timebase_tim.o(i.HAL_InitTick)
    HAL_MspInit                              0x08000b81   Thumb Code    52  stm32f4xx_hal_msp.o(i.HAL_MspInit)
    HAL_NVIC_EnableIRQ                       0x08000bb9   Thumb Code    26  stm32f4xx_hal_cortex.o(i.HAL_NVIC_EnableIRQ)
    HAL_NVIC_SetPriority                     0x08000bd5   Thumb Code    60  stm32f4xx_hal_cortex.o(i.HAL_NVIC_SetPriority)
    HAL_NVIC_SetPriorityGrouping             0x08000c15   Thumb Code    26  stm32f4xx_hal_cortex.o(i.HAL_NVIC_SetPriorityGrouping)
    HAL_RCC_ClockConfig                      0x08000c39   Thumb Code   288  stm32f4xx_hal_rcc.o(i.HAL_RCC_ClockConfig)
    HAL_RCC_GetClockConfig                   0x08000d6d   Thumb Code    54  stm32f4xx_hal_rcc.o(i.HAL_RCC_GetClockConfig)
    HAL_RCC_GetPCLK1Freq                     0x08000dad   Thumb Code    20  stm32f4xx_hal_rcc.o(i.HAL_RCC_GetPCLK1Freq)
    HAL_RCC_GetSysClockFreq                  0x08000dcd   Thumb Code    88  stm32f4xx_hal_rcc.o(i.HAL_RCC_GetSysClockFreq)
    HAL_RCC_OscConfig                        0x08000e2d   Thumb Code   856  stm32f4xx_hal_rcc.o(i.HAL_RCC_OscConfig)
    HAL_SRAM_Init                            0x08001199   Thumb Code    92  stm32f4xx_hal_sram.o(i.HAL_SRAM_Init)
    HAL_SRAM_MspInit                         0x080011f5   Thumb Code     4  fsmc.o(i.HAL_SRAM_MspInit)
    HAL_TIMEx_BreakCallback                  0x080011f9   Thumb Code     2  stm32f4xx_hal_tim_ex.o(i.HAL_TIMEx_BreakCallback)
    HAL_TIMEx_CommutCallback                 0x080011fb   Thumb Code     2  stm32f4xx_hal_tim_ex.o(i.HAL_TIMEx_CommutCallback)
    HAL_TIM_Base_Init                        0x080011fd   Thumb Code    90  stm32f4xx_hal_tim.o(i.HAL_TIM_Base_Init)
    HAL_TIM_Base_MspInit                     0x08001257   Thumb Code     2  stm32f4xx_hal_tim.o(i.HAL_TIM_Base_MspInit)
    HAL_TIM_Base_Start_IT                    0x08001259   Thumb Code   100  stm32f4xx_hal_tim.o(i.HAL_TIM_Base_Start_IT)
    HAL_TIM_IC_CaptureCallback               0x080012d9   Thumb Code     2  stm32f4xx_hal_tim.o(i.HAL_TIM_IC_CaptureCallback)
    HAL_TIM_IRQHandler                       0x080012db   Thumb Code   304  stm32f4xx_hal_tim.o(i.HAL_TIM_IRQHandler)
    HAL_TIM_OC_DelayElapsedCallback          0x0800140b   Thumb Code     2  stm32f4xx_hal_tim.o(i.HAL_TIM_OC_DelayElapsedCallback)
    HAL_TIM_PWM_PulseFinishedCallback        0x0800140d   Thumb Code     2  stm32f4xx_hal_tim.o(i.HAL_TIM_PWM_PulseFinishedCallback)
    HAL_TIM_PeriodElapsedCallback            0x08001411   Thumb Code    14  main.o(i.HAL_TIM_PeriodElapsedCallback)
    HAL_TIM_TriggerCallback                  0x08001425   Thumb Code     2  stm32f4xx_hal_tim.o(i.HAL_TIM_TriggerCallback)
    HardFault_Handler                        0x08001427   Thumb Code     2  stm32f4xx_it.o(i.HardFault_Handler)
    InitGame                                 0x08001429   Thumb Code    88  flappybird.o(i.InitGame)
    MX_FSMC_Init                             0x080014a9   Thumb Code   100  fsmc.o(i.MX_FSMC_Init)
    MX_GPIO_Init                             0x08001515   Thumb Code   198  gpio.o(i.MX_GPIO_Init)
    MemManage_Handler                        0x080015ed   Thumb Code     2  stm32f4xx_it.o(i.MemManage_Handler)
    MylcdWriteData                           0x080015f1   Thumb Code     6  ili9341.o(i.MylcdWriteData)
    NMI_Handler                              0x080015fd   Thumb Code     2  stm32f4xx_it.o(i.NMI_Handler)
    SysTick_Handler                          0x080015ff   Thumb Code    26  cmsis_os2.o(i.SysTick_Handler)
    SystemClock_Config                       0x08001619   Thumb Code   134  main.o(i.SystemClock_Config)
    SystemInit                               0x080016a9   Thumb Code    12  system_stm32f4xx.o(i.SystemInit)
    TIM8_TRG_COM_TIM14_IRQHandler            0x080016b9   Thumb Code     6  stm32f4xx_it.o(i.TIM8_TRG_COM_TIM14_IRQHandler)
    TIM_Base_SetConfig                       0x080016c5   Thumb Code   170  stm32f4xx_hal_tim.o(i.TIM_Base_SetConfig)
    Task_BirdControl                         0x0800179d   Thumb Code    82  flappybird.o(i.Task_BirdControl)
    Task_CollisionCheck                      0x080017f5   Thumb Code    80  flappybird.o(i.Task_CollisionCheck)
    Task_ColumnMove                          0x0800184d   Thumb Code   228  flappybird.o(i.Task_ColumnMove)
    Task_Display                             0x0800194d   Thumb Code    50  flappybird.o(i.Task_Display)
    UsageFault_Handler                       0x08001985   Thumb Code     2  stm32f4xx_it.o(i.UsageFault_Handler)
    frameBuffer_DrawBird                     0x080019a7   Thumb Code    30  flappybird.o(i.frameBuffer_DrawBird)
    frameBuffer_DrawColumn                   0x080019c5   Thumb Code   144  flappybird.o(i.frameBuffer_DrawColumn)
    frameBuffer_fill                         0x08001a5d   Thumb Code    24  flappybird.o(i.frameBuffer_fill)
    frameBuffer_fillRect                     0x08001a75   Thumb Code   126  flappybird.o(i.frameBuffer_fillRect)
    frameBuffer_fillRectWH                   0x08001af3   Thumb Code   114  flappybird.o(i.frameBuffer_fillRectWH)
    lcdInit                                  0x08001b95   Thumb Code   468  ili9341.o(i.lcdInit)
    lcdRefresh                               0x08001d71   Thumb Code    72  flappybird.o(i.lcdRefresh)
    lcdSetWindow                             0x08001db9   Thumb Code    54  ili9341.o(i.lcdSetWindow)
    main                                     0x08001df5   Thumb Code    44  main.o(i.main)
    osKernelInitialize                       0x08001e25   Thumb Code    32  cmsis_os2.o(i.osKernelInitialize)
    osKernelStart                            0x08001e49   Thumb Code    48  cmsis_os2.o(i.osKernelStart)
    pvPortMalloc                             0x08002615   Thumb Code   216  heap_4.o(i.pvPortMalloc)
    pvTaskIncrementMutexHeldCount            0x080026f1   Thumb Code    18  tasks.o(i.pvTaskIncrementMutexHeldCount)
    pxPortInitialiseStack                    0x08002709   Thumb Code    40  port.o(i.pxPortInitialiseStack)
    swapBuffers                              0x08002735   Thumb Code    12  flappybird.o(i.swapBuffers)
    uxListRemove                             0x08002745   Thumb Code    38  list.o(i.uxListRemove)
    vApplicationGetIdleTaskMemory            0x0800276d   Thumb Code    16  cmsis_os2.o(i.vApplicationGetIdleTaskMemory)
    vApplicationGetTimerTaskMemory           0x08002781   Thumb Code    18  cmsis_os2.o(i.vApplicationGetTimerTaskMemory)
    vListInitialise                          0x08002799   Thumb Code    22  list.o(i.vListInitialise)
    vListInitialiseItem                      0x080027af   Thumb Code     6  list.o(i.vListInitialiseItem)
    vListInsert                              0x080027b5   Thumb Code    48  list.o(i.vListInsert)
    vListInsertEnd                           0x080027e5   Thumb Code    24  list.o(i.vListInsertEnd)
    vPortEnterCritical                       0x080027fd   Thumb Code    54  port.o(i.vPortEnterCritical)
    vPortExitCritical                        0x0800283d   Thumb Code    34  port.o(i.vPortExitCritical)
    vPortFree                                0x08002865   Thumb Code    94  heap_4.o(i.vPortFree)
    vPortSetupTimerInterrupt                 0x080028c9   Thumb Code    32  port.o(i.vPortSetupTimerInterrupt)
    vPortValidateInterruptPriority           0x080028ed   Thumb Code    74  port.o(i.vPortValidateInterruptPriority)
    vQueueAddToRegistry                      0x08002941   Thumb Code    34  queue.o(i.vQueueAddToRegistry)
    vQueueWaitForMessageRestricted           0x08002969   Thumb Code    68  queue.o(i.vQueueWaitForMessageRestricted)
    vTaskDelay                               0x080029ad   Thumb Code    66  tasks.o(i.vTaskDelay)
    vTaskInternalSetTimeOutState             0x080029f9   Thumb Code    12  tasks.o(i.vTaskInternalSetTimeOutState)
    vTaskMissedYield                         0x08002a09   Thumb Code     8  tasks.o(i.vTaskMissedYield)
    vTaskPlaceOnEventList                    0x08002a15   Thumb Code    44  tasks.o(i.vTaskPlaceOnEventList)
    vTaskPlaceOnEventListRestricted          0x08002a45   Thumb Code    52  tasks.o(i.vTaskPlaceOnEventListRestricted)
    vTaskPriorityDisinheritAfterTimeout      0x08002a7d   Thumb Code   134  tasks.o(i.vTaskPriorityDisinheritAfterTimeout)
    vTaskStartScheduler                      0x08002b0d   Thumb Code   118  tasks.o(i.vTaskStartScheduler)
    vTaskSuspendAll                          0x08002b95   Thumb Code    10  tasks.o(i.vTaskSuspendAll)
    vTaskSwitchContext                       0x08002ba5   Thumb Code    90  tasks.o(i.vTaskSwitchContext)
    xPortStartScheduler                      0x08002c09   Thumb Code   222  port.o(i.xPortStartScheduler)
    xPortSysTickHandler                      0x08002cfd   Thumb Code    38  port.o(i.xPortSysTickHandler)
    xQueueGenericCreate                      0x08002d29   Thumb Code    66  queue.o(i.xQueueGenericCreate)
    xQueueGenericCreateStatic                0x08002d6b   Thumb Code   102  queue.o(i.xQueueGenericCreateStatic)
    xQueueGenericReset                       0x08002dd1   Thumb Code   132  queue.o(i.xQueueGenericReset)
    xQueueGenericSend                        0x08002e59   Thumb Code   346  queue.o(i.xQueueGenericSend)
    xQueueGenericSendFromISR                 0x08002fb9   Thumb Code   190  queue.o(i.xQueueGenericSendFromISR)
    xQueueGiveFromISR                        0x08003077   Thumb Code   156  queue.o(i.xQueueGiveFromISR)
    xQueueReceive                            0x08003115   Thumb Code   308  queue.o(i.xQueueReceive)
    xQueueSemaphoreTake                      0x0800324d   Thumb Code   372  queue.o(i.xQueueSemaphoreTake)
    xTaskCheckForTimeOut                     0x080033c5   Thumb Code   112  tasks.o(i.xTaskCheckForTimeOut)
    xTaskCreate                              0x08003439   Thumb Code    90  tasks.o(i.xTaskCreate)
    xTaskCreateStatic                        0x08003493   Thumb Code    86  tasks.o(i.xTaskCreateStatic)
    xTaskGetSchedulerState                   0x080034e9   Thumb Code    22  tasks.o(i.xTaskGetSchedulerState)
    xTaskGetTickCount                        0x08003505   Thumb Code     6  tasks.o(i.xTaskGetTickCount)
    xTaskIncrementTick                       0x08003511   Thumb Code   192  tasks.o(i.xTaskIncrementTick)
    xTaskPriorityDisinherit                  0x080035d9   Thumb Code   118  tasks.o(i.xTaskPriorityDisinherit)
    xTaskPriorityInherit                     0x08003659   Thumb Code   112  tasks.o(i.xTaskPriorityInherit)
    xTaskRemoveFromEventList                 0x080036d1   Thumb Code    98  tasks.o(i.xTaskRemoveFromEventList)
    xTaskResumeAll                           0x08003741   Thumb Code   182  tasks.o(i.xTaskResumeAll)
    xTimerCreateTimerTask                    0x08003805   Thumb Code    78  timers.o(i.xTimerCreateTimerTask)
    xTimerGenericCommand                     0x08003865   Thumb Code    98  timers.o(i.xTimerGenericCommand)
    _fp_init                                 0x080038cd   Thumb Code    10  fpinit.o(x$fpl$fpinit)
    __fplib_config_fpu_vfp                   0x080038d5   Thumb Code     0  fpinit.o(x$fpl$fpinit)
    __fplib_config_pureend_doubles           0x080038d5   Thumb Code     0  fpinit.o(x$fpl$fpinit)
    Font16_Table                             0x080038d6   Data        3040  font16.o(.constdata)
    AHBPrescTable                            0x080044c0   Data          16  system_stm32f4xx.o(.constdata)
    APBPrescTable                            0x080044d0   Data           8  system_stm32f4xx.o(.constdata)
    Region$$Table$$Base                      0x080044d8   Number         0  anon$$obj.o(Region$$Table)
    Region$$Table$$Limit                     0x080044f8   Number         0  anon$$obj.o(Region$$Table)
    Font16                                   0x20000000   Data           8  font16.o(.data)
    gameOver                                 0x20000029   Data           1  flappybird.o(.data)
    xJumpSemaphore                           0x2000002c   Data           4  flappybird.o(.data)
    frameBufferFront                         0x20000030   Data           4  flappybird.o(.data)
    frameBufferBack                          0x20000034   Data           4  flappybird.o(.data)
    bird                                     0x2000003c   Data           4  flappybird.o(.data)
    uwTickFreq                               0x20000048   Data           1  stm32f4xx_hal.o(.data)
    uwTickPrio                               0x2000004c   Data           4  stm32f4xx_hal.o(.data)
    uwTick                                   0x20000050   Data           4  stm32f4xx_hal.o(.data)
    SystemCoreClock                          0x20000054   Data           4  system_stm32f4xx.o(.data)
    pxCurrentTCB                             0x20000058   Data           4  tasks.o(.data)
    columns                                  0x200000d8   Data          24  flappybird.o(.bss)
    frameBufferA                             0x200000f0   Data        9600  flappybird.o(.bss)
    frameBufferB                             0x20002670   Data        9600  flappybird.o(.bss)
    hsram1                                   0x20004bf0   Data          80  fsmc.o(.bss)
    htim14                                   0x20004c40   Data          72  stm32f4xx_hal_timebase_tim.o(.bss)
    xQueueRegistry                           0x20004c88   Data          64  queue.o(.bss)
    _random_number_data                      0x2000955c   Data         228  rand.o(.bss)
    __libspace_start                         0x20009640   Data          96  libspace.o(.bss)
    __temporary_stack_top$libspace           0x200096a0   Data           0  libspace.o(.bss)



==============================================================================

Memory Map of the image

  Image Entry point : 0x08000189

  Load Region LR_IROM1 (Base: 0x08000000, Size: 0x000045d0, Max: 0x00100000, ABSOLUTE)

    Execution Region ER_IROM1 (Exec base: 0x08000000, Load base: 0x08000000, Size: 0x000044f8, Max: 0x00100000, ABSOLUTE)

    Exec Addr    Load Addr    Size         Type   Attr      Idx    E Section Name        Object

    0x08000000   0x08000000   0x00000188   Data   RO            3    RESET               startup_stm32f407xx.o
    0x08000188   0x08000188   0x00000008   Code   RO         5272  * !!!main             c_w.l(__main.o)
    0x08000190   0x08000190   0x00000034   Code   RO         5609    !!!scatter          c_w.l(__scatter.o)
    0x080001c4   0x080001c4   0x0000001a   Code   RO         5611    !!handler_copy      c_w.l(__scatter_copy.o)
    0x080001de   0x080001de   0x00000002   PAD
    0x080001e0   0x080001e0   0x0000001c   Code   RO         5613    !!handler_zi        c_w.l(__scatter_zi.o)
    0x080001fc   0x080001fc   0x00000002   Code   RO         5520    .ARM.Collect$$libinit$$00000000  c_w.l(libinit.o)
    0x080001fe   0x080001fe   0x00000004   Code   RO         5374    .ARM.Collect$$libinit$$00000001  c_w.l(libinit2.o)
    0x08000202   0x08000202   0x00000000   Code   RO         5377    .ARM.Collect$$libinit$$00000004  c_w.l(libinit2.o)
    0x08000202   0x08000202   0x00000000   Code   RO         5380    .ARM.Collect$$libinit$$0000000A  c_w.l(libinit2.o)
    0x08000202   0x08000202   0x00000000   Code   RO         5382    .ARM.Collect$$libinit$$0000000C  c_w.l(libinit2.o)
    0x08000202   0x08000202   0x00000004   Code   RO         5383    .ARM.Collect$$libinit$$0000000D  c_w.l(libinit2.o)
    0x08000206   0x08000206   0x00000000   Code   RO         5384    .ARM.Collect$$libinit$$0000000E  c_w.l(libinit2.o)
    0x08000206   0x08000206   0x00000000   Code   RO         5387    .ARM.Collect$$libinit$$00000011  c_w.l(libinit2.o)
    0x08000206   0x08000206   0x00000000   Code   RO         5389    .ARM.Collect$$libinit$$00000013  c_w.l(libinit2.o)
    0x08000206   0x08000206   0x00000000   Code   RO         5391    .ARM.Collect$$libinit$$00000015  c_w.l(libinit2.o)
    0x08000206   0x08000206   0x00000000   Code   RO         5393    .ARM.Collect$$libinit$$00000017  c_w.l(libinit2.o)
    0x08000206   0x08000206   0x00000000   Code   RO         5395    .ARM.Collect$$libinit$$00000019  c_w.l(libinit2.o)
    0x08000206   0x08000206   0x00000000   Code   RO         5397    .ARM.Collect$$libinit$$0000001B  c_w.l(libinit2.o)
    0x08000206   0x08000206   0x00000000   Code   RO         5399    .ARM.Collect$$libinit$$0000001D  c_w.l(libinit2.o)
    0x08000206   0x08000206   0x00000000   Code   RO         5401    .ARM.Collect$$libinit$$0000001F  c_w.l(libinit2.o)
    0x08000206   0x08000206   0x00000000   Code   RO         5403    .ARM.Collect$$libinit$$00000021  c_w.l(libinit2.o)
    0x08000206   0x08000206   0x00000000   Code   RO         5405    .ARM.Collect$$libinit$$00000023  c_w.l(libinit2.o)
    0x08000206   0x08000206   0x00000000   Code   RO         5407    .ARM.Collect$$libinit$$00000025  c_w.l(libinit2.o)
    0x08000206   0x08000206   0x00000000   Code   RO         5411    .ARM.Collect$$libinit$$0000002C  c_w.l(libinit2.o)
    0x08000206   0x08000206   0x00000000   Code   RO         5413    .ARM.Collect$$libinit$$0000002E  c_w.l(libinit2.o)
    0x08000206   0x08000206   0x00000000   Code   RO         5415    .ARM.Collect$$libinit$$00000030  c_w.l(libinit2.o)
    0x08000206   0x08000206   0x00000000   Code   RO         5417    .ARM.Collect$$libinit$$00000032  c_w.l(libinit2.o)
    0x08000206   0x08000206   0x00000002   Code   RO         5418    .ARM.Collect$$libinit$$00000033  c_w.l(libinit2.o)
    0x08000208   0x08000208   0x00000002   Code   RO         5574    .ARM.Collect$$libshutdown$$00000000  c_w.l(libshutdown.o)
    0x0800020a   0x0800020a   0x00000000   Code   RO         5590    .ARM.Collect$$libshutdown$$00000002  c_w.l(libshutdown2.o)
    0x0800020a   0x0800020a   0x00000000   Code   RO         5592    .ARM.Collect$$libshutdown$$00000004  c_w.l(libshutdown2.o)
    0x0800020a   0x0800020a   0x00000000   Code   RO         5594    .ARM.Collect$$libshutdown$$00000006  c_w.l(libshutdown2.o)
    0x0800020a   0x0800020a   0x00000000   Code   RO         5597    .ARM.Collect$$libshutdown$$00000009  c_w.l(libshutdown2.o)
    0x0800020a   0x0800020a   0x00000000   Code   RO         5600    .ARM.Collect$$libshutdown$$0000000C  c_w.l(libshutdown2.o)
    0x0800020a   0x0800020a   0x00000000   Code   RO         5602    .ARM.Collect$$libshutdown$$0000000E  c_w.l(libshutdown2.o)
    0x0800020a   0x0800020a   0x00000000   Code   RO         5605    .ARM.Collect$$libshutdown$$00000011  c_w.l(libshutdown2.o)
    0x0800020a   0x0800020a   0x00000002   Code   RO         5606    .ARM.Collect$$libshutdown$$00000012  c_w.l(libshutdown2.o)
    0x0800020c   0x0800020c   0x00000000   Code   RO         5274    .ARM.Collect$$rtentry$$00000000  c_w.l(__rtentry.o)
    0x0800020c   0x0800020c   0x00000000   Code   RO         5428    .ARM.Collect$$rtentry$$00000002  c_w.l(__rtentry2.o)
    0x0800020c   0x0800020c   0x00000006   Code   RO         5440    .ARM.Collect$$rtentry$$00000004  c_w.l(__rtentry4.o)
    0x08000212   0x08000212   0x00000000   Code   RO         5430    .ARM.Collect$$rtentry$$00000009  c_w.l(__rtentry2.o)
    0x08000212   0x08000212   0x00000004   Code   RO         5431    .ARM.Collect$$rtentry$$0000000A  c_w.l(__rtentry2.o)
    0x08000216   0x08000216   0x00000000   Code   RO         5433    .ARM.Collect$$rtentry$$0000000C  c_w.l(__rtentry2.o)
    0x08000216   0x08000216   0x00000008   Code   RO         5434    .ARM.Collect$$rtentry$$0000000D  c_w.l(__rtentry2.o)
    0x0800021e   0x0800021e   0x00000002   Code   RO         5531    .ARM.Collect$$rtexit$$00000000  c_w.l(rtexit.o)
    0x08000220   0x08000220   0x00000000   Code   RO         5556    .ARM.Collect$$rtexit$$00000002  c_w.l(rtexit2.o)
    0x08000220   0x08000220   0x00000004   Code   RO         5557    .ARM.Collect$$rtexit$$00000003  c_w.l(rtexit2.o)
    0x08000224   0x08000224   0x00000006   Code   RO         5558    .ARM.Collect$$rtexit$$00000004  c_w.l(rtexit2.o)
    0x0800022a   0x0800022a   0x00000002   PAD
    0x0800022c   0x0800022c   0x000000be   Code   RO         5174    .emb_text           port.o
    0x080002ea   0x080002ea   0x00000002   PAD
    0x080002ec   0x080002ec   0x00000034   Code   RO         5257    .emb_text           c_w.l(rand.o)
    0x08000320   0x08000320   0x00000040   Code   RO            4    .text               startup_stm32f407xx.o
    0x08000360   0x08000360   0x000000ee   Code   RO         5253    .text               c_w.l(lludivv7m.o)
    0x0800044e   0x0800044e   0x00000002   PAD
    0x08000450   0x08000450   0x0000003c   Code   RO         5258    .text               c_w.l(rand.o)
    0x0800048c   0x0800048c   0x0000008a   Code   RO         5262    .text               c_w.l(rt_memcpy_v6.o)
    0x08000516   0x08000516   0x00000010   Code   RO         5266    .text               c_w.l(aeabi_memset.o)
    0x08000526   0x08000526   0x0000004e   Code   RO         5268    .text               c_w.l(rt_memclr_w.o)
    0x08000574   0x08000574   0x00000006   Code   RO         5270    .text               c_w.l(heapauxi.o)
    0x0800057a   0x0800057a   0x00000064   Code   RO         5370    .text               c_w.l(rt_memcpy_w.o)
    0x080005de   0x080005de   0x00000044   Code   RO         5372    .text               c_w.l(rt_memclr.o)
    0x08000622   0x08000622   0x0000004a   Code   RO         5466    .text               c_w.l(sys_stackheap_outer.o)
    0x0800066c   0x0800066c   0x00000012   Code   RO         5505    .text               c_w.l(exit.o)
    0x0800067e   0x0800067e   0x00000002   PAD
    0x08000680   0x08000680   0x00000008   Code   RO         5528    .text               c_w.l(libspace.o)
    0x08000688   0x08000688   0x0000000c   Code   RO         5550    .text               c_w.l(sys_exit.o)
    0x08000694   0x08000694   0x00000002   Code   RO         5552    .text               c_w.l(use_no_semi.o)
    0x08000696   0x08000696   0x00000000   Code   RO         5554    .text               c_w.l(indicate_semi.o)
    0x08000696   0x08000696   0x00000002   Code   RO          855    i.BusFault_Handler  stm32f4xx_it.o
    0x08000698   0x08000698   0x00000002   Code   RO          856    i.DebugMon_Handler  stm32f4xx_it.o
    0x0800069a   0x0800069a   0x00000006   Code   RO          857    i.EXTI3_IRQHandler  stm32f4xx_it.o
    0x080006a0   0x080006a0   0x00000004   Code   RO          592    i.Error_Handler     main.o
    0x080006a4   0x080006a4   0x0000003c   Code   RO         3125    i.FSMC_NORSRAM_Extended_Timing_Init  stm32f4xx_ll_fsmc.o
    0x080006e0   0x080006e0   0x00000068   Code   RO         3126    i.FSMC_NORSRAM_Init  stm32f4xx_ll_fsmc.o
    0x08000748   0x08000748   0x00000044   Code   RO         3127    i.FSMC_NORSRAM_Timing_Init  stm32f4xx_ll_fsmc.o
    0x0800078c   0x0800078c   0x00000024   Code   RO         2866    i.HAL_Delay         stm32f4xx_hal.o
    0x080007b0   0x080007b0   0x00000074   Code   RO          714    i.HAL_FSMC_MspInit  fsmc.o
    0x08000824   0x08000824   0x00000048   Code   RO          858    i.HAL_GPIO_EXTI_Callback  stm32f4xx_it.o
    0x0800086c   0x0800086c   0x00000018   Code   RO         2321    i.HAL_GPIO_EXTI_IRQHandler  stm32f4xx_hal_gpio.o
    0x08000884   0x08000884   0x000001f0   Code   RO         2322    i.HAL_GPIO_Init     stm32f4xx_hal_gpio.o
    0x08000a74   0x08000a74   0x0000000a   Code   RO         2324    i.HAL_GPIO_ReadPin  stm32f4xx_hal_gpio.o
    0x08000a7e   0x08000a7e   0x00000010   Code   RO         2325    i.HAL_GPIO_TogglePin  stm32f4xx_hal_gpio.o
    0x08000a8e   0x08000a8e   0x0000000a   Code   RO         2326    i.HAL_GPIO_WritePin  stm32f4xx_hal_gpio.o
    0x08000a98   0x08000a98   0x0000000c   Code   RO         2872    i.HAL_GetTick       stm32f4xx_hal.o
    0x08000aa4   0x08000aa4   0x00000010   Code   RO         2878    i.HAL_IncTick       stm32f4xx_hal.o
    0x08000ab4   0x08000ab4   0x00000034   Code   RO         2879    i.HAL_Init          stm32f4xx_hal.o
    0x08000ae8   0x08000ae8   0x00000098   Code   RO          955    i.HAL_InitTick      stm32f4xx_hal_timebase_tim.o
    0x08000b80   0x08000b80   0x00000038   Code   RO          931    i.HAL_MspInit       stm32f4xx_hal_msp.o
    0x08000bb8   0x08000bb8   0x0000001a   Code   RO         2714    i.HAL_NVIC_EnableIRQ  stm32f4xx_hal_cortex.o
    0x08000bd2   0x08000bd2   0x00000002   PAD
    0x08000bd4   0x08000bd4   0x00000040   Code   RO         2720    i.HAL_NVIC_SetPriority  stm32f4xx_hal_cortex.o
    0x08000c14   0x08000c14   0x00000024   Code   RO         2721    i.HAL_NVIC_SetPriorityGrouping  stm32f4xx_hal_cortex.o
    0x08000c38   0x08000c38   0x00000134   Code   RO         1968    i.HAL_RCC_ClockConfig  stm32f4xx_hal_rcc.o
    0x08000d6c   0x08000d6c   0x00000040   Code   RO         1972    i.HAL_RCC_GetClockConfig  stm32f4xx_hal_rcc.o
    0x08000dac   0x08000dac   0x00000020   Code   RO         1975    i.HAL_RCC_GetPCLK1Freq  stm32f4xx_hal_rcc.o
    0x08000dcc   0x08000dcc   0x00000060   Code   RO         1977    i.HAL_RCC_GetSysClockFreq  stm32f4xx_hal_rcc.o
    0x08000e2c   0x08000e2c   0x0000036c   Code   RO         1980    i.HAL_RCC_OscConfig  stm32f4xx_hal_rcc.o
    0x08001198   0x08001198   0x0000005c   Code   RO         3265    i.HAL_SRAM_Init     stm32f4xx_hal_sram.o
    0x080011f4   0x080011f4   0x00000004   Code   RO          716    i.HAL_SRAM_MspInit  fsmc.o
    0x080011f8   0x080011f8   0x00000002   Code   RO         1700    i.HAL_TIMEx_BreakCallback  stm32f4xx_hal_tim_ex.o
    0x080011fa   0x080011fa   0x00000002   Code   RO         1701    i.HAL_TIMEx_CommutCallback  stm32f4xx_hal_tim_ex.o
    0x080011fc   0x080011fc   0x0000005a   Code   RO          996    i.HAL_TIM_Base_Init  stm32f4xx_hal_tim.o
    0x08001256   0x08001256   0x00000002   Code   RO          998    i.HAL_TIM_Base_MspInit  stm32f4xx_hal_tim.o
    0x08001258   0x08001258   0x00000080   Code   RO         1001    i.HAL_TIM_Base_Start_IT  stm32f4xx_hal_tim.o
    0x080012d8   0x080012d8   0x00000002   Code   RO         1030    i.HAL_TIM_IC_CaptureCallback  stm32f4xx_hal_tim.o
    0x080012da   0x080012da   0x00000130   Code   RO         1044    i.HAL_TIM_IRQHandler  stm32f4xx_hal_tim.o
    0x0800140a   0x0800140a   0x00000002   Code   RO         1047    i.HAL_TIM_OC_DelayElapsedCallback  stm32f4xx_hal_tim.o
    0x0800140c   0x0800140c   0x00000002   Code   RO         1074    i.HAL_TIM_PWM_PulseFinishedCallback  stm32f4xx_hal_tim.o
    0x0800140e   0x0800140e   0x00000002   PAD
    0x08001410   0x08001410   0x00000014   Code   RO          593    i.HAL_TIM_PeriodElapsedCallback  main.o
    0x08001424   0x08001424   0x00000002   Code   RO         1087    i.HAL_TIM_TriggerCallback  stm32f4xx_hal_tim.o
    0x08001426   0x08001426   0x00000002   Code   RO          859    i.HardFault_Handler  stm32f4xx_it.o
    0x08001428   0x08001428   0x00000080   Code   RO          455    i.InitGame          flappybird.o
    0x080014a8   0x080014a8   0x0000006c   Code   RO          717    i.MX_FSMC_Init      fsmc.o
    0x08001514   0x08001514   0x000000d8   Code   RO          647    i.MX_GPIO_Init      gpio.o
    0x080015ec   0x080015ec   0x00000002   Code   RO          860    i.MemManage_Handler  stm32f4xx_it.o
    0x080015ee   0x080015ee   0x00000002   PAD
    0x080015f0   0x080015f0   0x0000000c   Code   RO           31    i.MylcdWriteData    ili9341.o
    0x080015fc   0x080015fc   0x00000002   Code   RO          861    i.NMI_Handler       stm32f4xx_it.o
    0x080015fe   0x080015fe   0x0000001a   Code   RO         4602    i.SysTick_Handler   cmsis_os2.o
    0x08001618   0x08001618   0x00000090   Code   RO          594    i.SystemClock_Config  main.o
    0x080016a8   0x080016a8   0x00000010   Code   RO         3433    i.SystemInit        system_stm32f4xx.o
    0x080016b8   0x080016b8   0x0000000c   Code   RO          862    i.TIM8_TRG_COM_TIM14_IRQHandler  stm32f4xx_it.o
    0x080016c4   0x080016c4   0x000000d8   Code   RO         1089    i.TIM_Base_SetConfig  stm32f4xx_hal_tim.o
    0x0800179c   0x0800179c   0x00000058   Code   RO          456    i.Task_BirdControl  flappybird.o
    0x080017f4   0x080017f4   0x00000058   Code   RO          457    i.Task_CollisionCheck  flappybird.o
    0x0800184c   0x0800184c   0x00000100   Code   RO          458    i.Task_ColumnMove   flappybird.o
    0x0800194c   0x0800194c   0x00000038   Code   RO          459    i.Task_Display      flappybird.o
    0x08001984   0x08001984   0x00000002   Code   RO          863    i.UsageFault_Handler  stm32f4xx_it.o
    0x08001986   0x08001986   0x00000020   Code   RO         2727    i.__NVIC_SetPriority  stm32f4xx_hal_cortex.o
    0x080019a6   0x080019a6   0x0000001e   Code   RO          460    i.frameBuffer_DrawBird  flappybird.o
    0x080019c4   0x080019c4   0x00000098   Code   RO          461    i.frameBuffer_DrawColumn  flappybird.o
    0x08001a5c   0x08001a5c   0x00000018   Code   RO          462    i.frameBuffer_fill  flappybird.o
    0x08001a74   0x08001a74   0x0000007e   Code   RO          463    i.frameBuffer_fillRect  flappybird.o
    0x08001af2   0x08001af2   0x00000072   Code   RO          464    i.frameBuffer_fillRectWH  flappybird.o
    0x08001b64   0x08001b64   0x00000030   Code   RO           35    i.lcdBuildMemoryAccessControlConfig  ili9341.o
    0x08001b94   0x08001b94   0x000001dc   Code   RO           63    i.lcdInit           ili9341.o
    0x08001d70   0x08001d70   0x00000048   Code   RO          465    i.lcdRefresh        flappybird.o
    0x08001db8   0x08001db8   0x0000003c   Code   RO           73    i.lcdSetWindow      ili9341.o
    0x08001df4   0x08001df4   0x00000030   Code   RO          595    i.main              main.o
    0x08001e24   0x08001e24   0x00000024   Code   RO         4618    i.osKernelInitialize  cmsis_os2.o
    0x08001e48   0x08001e48   0x00000038   Code   RO         4621    i.osKernelStart     cmsis_os2.o
    0x08001e80   0x08001e80   0x0000005c   Code   RO         4063    i.prvAddCurrentTaskToDelayedList  tasks.o
    0x08001edc   0x08001edc   0x000000d0   Code   RO         4064    i.prvAddNewTaskToReadyList  tasks.o
    0x08001fac   0x08001fac   0x00000058   Code   RO         4428    i.prvCheckForValidListAndQueue  timers.o
    0x08002004   0x08002004   0x00000026   Code   RO         3660    i.prvCopyDataFromQueue  queue.o
    0x0800202a   0x0800202a   0x0000006c   Code   RO         3661    i.prvCopyDataToQueue  queue.o
    0x08002096   0x08002096   0x00000034   Code   RO         4065    i.prvDeleteTCB      tasks.o
    0x080020ca   0x080020ca   0x00000002   PAD
    0x080020cc   0x080020cc   0x0000004c   Code   RO         5119    i.prvHeapInit       heap_4.o
    0x08002118   0x08002118   0x00000060   Code   RO         4066    i.prvIdleTask       tasks.o
    0x08002178   0x08002178   0x00000022   Code   RO         3663    i.prvInitialiseNewQueue  queue.o
    0x0800219a   0x0800219a   0x00000002   PAD
    0x0800219c   0x0800219c   0x000000b0   Code   RO         4067    i.prvInitialiseNewTask  tasks.o
    0x0800224c   0x0800224c   0x0000004c   Code   RO         5120    i.prvInsertBlockIntoFreeList  heap_4.o
    0x08002298   0x08002298   0x00000038   Code   RO         4430    i.prvInsertTimerInActiveList  timers.o
    0x080022d0   0x080022d0   0x0000001c   Code   RO         3664    i.prvIsQueueEmpty   queue.o
    0x080022ec   0x080022ec   0x000000fc   Code   RO         4431    i.prvProcessReceivedCommands  timers.o
    0x080023e8   0x080023e8   0x000000c0   Code   RO         4432    i.prvProcessTimerOrBlockTask  timers.o
    0x080024a8   0x080024a8   0x00000020   Code   RO         4069    i.prvResetNextTaskUnblockTime  tasks.o
    0x080024c8   0x080024c8   0x00000028   Code   RO         4433    i.prvSampleTimeNow  timers.o
    0x080024f0   0x080024f0   0x0000006c   Code   RO         4434    i.prvSwitchTimerLists  timers.o
    0x0800255c   0x0800255c   0x00000028   Code   RO         5175    i.prvTaskExitError  port.o
    0x08002584   0x08002584   0x00000024   Code   RO         4435    i.prvTimerTask      timers.o
    0x080025a8   0x080025a8   0x0000006a   Code   RO         3665    i.prvUnlockQueue    queue.o
    0x08002612   0x08002612   0x00000002   PAD
    0x08002614   0x08002614   0x000000dc   Code   RO         5121    i.pvPortMalloc      heap_4.o
    0x080026f0   0x080026f0   0x00000018   Code   RO         4072    i.pvTaskIncrementMutexHeldCount  tasks.o
    0x08002708   0x08002708   0x0000002c   Code   RO         5176    i.pxPortInitialiseStack  port.o
    0x08002734   0x08002734   0x00000010   Code   RO          466    i.swapBuffers       flappybird.o
    0x08002744   0x08002744   0x00000026   Code   RO         3620    i.uxListRemove      list.o
    0x0800276a   0x0800276a   0x00000002   PAD
    0x0800276c   0x0800276c   0x00000014   Code   RO         4675    i.vApplicationGetIdleTaskMemory  cmsis_os2.o
    0x08002780   0x08002780   0x00000018   Code   RO         4676    i.vApplicationGetTimerTaskMemory  cmsis_os2.o
    0x08002798   0x08002798   0x00000016   Code   RO         3621    i.vListInitialise   list.o
    0x080027ae   0x080027ae   0x00000006   Code   RO         3622    i.vListInitialiseItem  list.o
    0x080027b4   0x080027b4   0x00000030   Code   RO         3623    i.vListInsert       list.o
    0x080027e4   0x080027e4   0x00000018   Code   RO         3624    i.vListInsertEnd    list.o
    0x080027fc   0x080027fc   0x00000040   Code   RO         5178    i.vPortEnterCritical  port.o
    0x0800283c   0x0800283c   0x00000028   Code   RO         5179    i.vPortExitCritical  port.o
    0x08002864   0x08002864   0x00000064   Code   RO         5122    i.vPortFree         heap_4.o
    0x080028c8   0x080028c8   0x00000024   Code   RO         5180    i.vPortSetupTimerInterrupt  port.o
    0x080028ec   0x080028ec   0x00000054   Code   RO         5181    i.vPortValidateInterruptPriority  port.o
    0x08002940   0x08002940   0x00000028   Code   RO         3671    i.vQueueAddToRegistry  queue.o
    0x08002968   0x08002968   0x00000044   Code   RO         3675    i.vQueueWaitForMessageRestricted  queue.o
    0x080029ac   0x080029ac   0x0000004c   Code   RO         4082    i.vTaskDelay        tasks.o
    0x080029f8   0x080029f8   0x00000010   Code   RO         4087    i.vTaskInternalSetTimeOutState  tasks.o
    0x08002a08   0x08002a08   0x0000000c   Code   RO         4088    i.vTaskMissedYield  tasks.o
    0x08002a14   0x08002a14   0x00000030   Code   RO         4090    i.vTaskPlaceOnEventList  tasks.o
    0x08002a44   0x08002a44   0x00000038   Code   RO         4091    i.vTaskPlaceOnEventListRestricted  tasks.o
    0x08002a7c   0x08002a7c   0x00000090   Code   RO         4093    i.vTaskPriorityDisinheritAfterTimeout  tasks.o
    0x08002b0c   0x08002b0c   0x00000088   Code   RO         4099    i.vTaskStartScheduler  tasks.o
    0x08002b94   0x08002b94   0x00000010   Code   RO         4101    i.vTaskSuspendAll   tasks.o
    0x08002ba4   0x08002ba4   0x00000064   Code   RO         4102    i.vTaskSwitchContext  tasks.o
    0x08002c08   0x08002c08   0x000000f4   Code   RO         5182    i.xPortStartScheduler  port.o
    0x08002cfc   0x08002cfc   0x0000002c   Code   RO         5183    i.xPortSysTickHandler  port.o
    0x08002d28   0x08002d28   0x00000042   Code   RO         3680    i.xQueueGenericCreate  queue.o
    0x08002d6a   0x08002d6a   0x00000066   Code   RO         3681    i.xQueueGenericCreateStatic  queue.o
    0x08002dd0   0x08002dd0   0x00000088   Code   RO         3682    i.xQueueGenericReset  queue.o
    0x08002e58   0x08002e58   0x00000160   Code   RO         3683    i.xQueueGenericSend  queue.o
    0x08002fb8   0x08002fb8   0x000000be   Code   RO         3684    i.xQueueGenericSendFromISR  queue.o
    0x08003076   0x08003076   0x0000009c   Code   RO         3687    i.xQueueGiveFromISR  queue.o
    0x08003112   0x08003112   0x00000002   PAD
    0x08003114   0x08003114   0x00000138   Code   RO         3693    i.xQueueReceive     queue.o
    0x0800324c   0x0800324c   0x00000178   Code   RO         3695    i.xQueueSemaphoreTake  queue.o
    0x080033c4   0x080033c4   0x00000074   Code   RO         4104    i.xTaskCheckForTimeOut  tasks.o
    0x08003438   0x08003438   0x0000005a   Code   RO         4105    i.xTaskCreate       tasks.o
    0x08003492   0x08003492   0x00000056   Code   RO         4106    i.xTaskCreateStatic  tasks.o
    0x080034e8   0x080034e8   0x0000001c   Code   RO         4110    i.xTaskGetSchedulerState  tasks.o
    0x08003504   0x08003504   0x0000000c   Code   RO         4111    i.xTaskGetTickCount  tasks.o
    0x08003510   0x08003510   0x000000c8   Code   RO         4113    i.xTaskIncrementTick  tasks.o
    0x080035d8   0x080035d8   0x00000080   Code   RO         4116    i.xTaskPriorityDisinherit  tasks.o
    0x08003658   0x08003658   0x00000078   Code   RO         4117    i.xTaskPriorityInherit  tasks.o
    0x080036d0   0x080036d0   0x00000070   Code   RO         4118    i.xTaskRemoveFromEventList  tasks.o
    0x08003740   0x08003740   0x000000c4   Code   RO         4119    i.xTaskResumeAll    tasks.o
    0x08003804   0x08003804   0x00000060   Code   RO         4444    i.xTimerCreateTimerTask  timers.o
    0x08003864   0x08003864   0x00000068   Code   RO         4445    i.xTimerGenericCommand  timers.o
    0x080038cc   0x080038cc   0x0000000a   Code   RO         5464    x$fpl$fpinit        fz_wm.l(fpinit.o)
    0x080038d6   0x080038d6   0x00000be0   Data   RO           10    .constdata          font16.o
    0x080044b6   0x080044b6   0x00000002   PAD
    0x080044b8   0x080044b8   0x00000008   Data   RO          470    .constdata          flappybird.o
    0x080044c0   0x080044c0   0x00000010   Data   RO         3434    .constdata          system_stm32f4xx.o
    0x080044d0   0x080044d0   0x00000008   Data   RO         3435    .constdata          system_stm32f4xx.o
    0x080044d8   0x080044d8   0x00000020   Data   RO         5607    Region$$Table       anon$$obj.o


    Execution Region RW_IRAM1 (Exec base: 0x20000000, Load base: 0x080044f8, Size: 0x00009ca0, Max: 0x0001c000, ABSOLUTE)

    Exec Addr    Load Addr    Size         Type   Attr      Idx    E Section Name        Object

    0x20000000   0x080044f8   0x00000008   Data   RW           11    .data               font16.o
    0x20000008   0x08004500   0x00000020   Data   RW           78    .data               ili9341.o
    0x20000028   0x08004520   0x00000018   Data   RW          471    .data               flappybird.o
    0x20000040   0x08004538   0x00000008   Data   RW          719    .data               fsmc.o
    0x20000048   0x08004540   0x0000000c   Data   RW         2886    .data               stm32f4xx_hal.o
    0x20000054   0x0800454c   0x00000004   Data   RW         3436    .data               system_stm32f4xx.o
    0x20000058   0x08004550   0x0000003c   Data   RW         4122    .data               tasks.o
    0x20000094   0x0800458c   0x00000014   Data   RW         4453    .data               timers.o
    0x200000a8   0x080045a0   0x00000004   Data   RW         4678    .data               cmsis_os2.o
    0x200000ac   0x080045a4   0x00000020   Data   RW         5128    .data               heap_4.o
    0x200000cc   0x080045c4   0x0000000c   Data   RW         5184    .data               port.o
    0x200000d8        -       0x00000018   Zero   RW          467    .bss                flappybird.o
    0x200000f0        -       0x00002580   Zero   RW          468    .bss                flappybird.o
    0x20002670        -       0x00002580   Zero   RW          469    .bss                flappybird.o
    0x20004bf0        -       0x00000050   Zero   RW          718    .bss                fsmc.o
    0x20004c40        -       0x00000048   Zero   RW          958    .bss                stm32f4xx_hal_timebase_tim.o
    0x20004c88        -       0x00000040   Zero   RW         3697    .bss                queue.o
    0x20004cc8        -       0x000004c4   Zero   RW         4121    .bss                tasks.o
    0x2000518c        -       0x00000118   Zero   RW         4452    .bss                timers.o
    0x200052a4        -       0x000006b8   Zero   RW         4677    .bss                cmsis_os2.o
    0x2000595c        -       0x00003c00   Zero   RW         5127    .bss                heap_4.o
    0x2000955c        -       0x000000e4   Zero   RW         5259    .bss                c_w.l(rand.o)
    0x20009640        -       0x00000060   Zero   RW         5529    .bss                c_w.l(libspace.o)
    0x200096a0        -       0x00000200   Zero   RW            2    HEAP                startup_stm32f407xx.o
    0x200098a0        -       0x00000400   Zero   RW            1    STACK               startup_stm32f407xx.o


    Execution Region RW_IRAM2 (Exec base: 0x2001c000, Load base: 0x080045d0, Size: 0x00000000, Max: 0x00004000, ABSOLUTE)

    **** No section assigned to this execution region ****


==============================================================================

Image component sizes


      Code (inc. data)   RO Data    RW Data    ZI Data      Debug   Object Name

       162         22          0          4       1720      63359   cmsis_os2.o
         0          0          0          0          0       7072   croutine.o
         0          0          0          0          0      18020   event_groups.o
      1150        100          8         24      19224      17273   flappybird.o
         0          0       3040          8          0       5599   font16.o
       228         26          0          8         80     693911   fsmc.o
       216         18          0          0          0       1043   gpio.o
       472         24          0         32      15360       4919   heap_4.o
       596         20          0         32          0     685453   ili9341.o
       138          0          0          0          0       3598   list.o
       216         20          0          0          0       2724   main.o
       786         82          0         12          0      11609   port.o
      2112         24          0          0         64      21816   queue.o
        64         26        392          0       1536        856   startup_stm32f407xx.o
       116         18          0         12          0       8786   stm32f4xx_hal.o
       158         14          0          0          0      33074   stm32f4xx_hal_cortex.o
       556         52          0          0          0       4171   stm32f4xx_hal_gpio.o
        56          4          0          0          0        886   stm32f4xx_hal_msp.o
      1376         70          0          0          0       5354   stm32f4xx_hal_rcc.o
        92          0          0          0          0       1244   stm32f4xx_hal_sram.o
       748         74          0          0          0       7600   stm32f4xx_hal_tim.o
         4          0          0          0          0       1657   stm32f4xx_hal_tim_ex.o
       152         20          0          0         72       1508   stm32f4xx_hal_timebase_tim.o
       102         22          0          0          0       4449   stm32f4xx_it.o
       232         14          0          0          0       3987   stm32f4xx_ll_fsmc.o
         0          0          0          0          0        392   stream_buffer.o
        16          4         24          4          0       1151   system_stm32f4xx.o
      2372        192          0         60       1220      29741   tasks.o
       972         80          0         20        280      32287   timers.o

    ----------------------------------------------------------------------
     13110        926       3498        216      39556    1673539   Object Totals
         0          0         32          0          0          0   (incl. Generated)
        18          0          2          0          0          0   (incl. Padding)

    ----------------------------------------------------------------------

      Code (inc. data)   RO Data    RW Data    ZI Data      Debug   Library Member Name

         8          0          0          0          0         68   __main.o
         0          0          0          0          0          0   __rtentry.o
        12          0          0          0          0          0   __rtentry2.o
         6          0          0          0          0          0   __rtentry4.o
        52          8          0          0          0          0   __scatter.o
        26          0          0          0          0          0   __scatter_copy.o
        28          0          0          0          0          0   __scatter_zi.o
        16          0          0          0          0         68   aeabi_memset.o
        18          0          0          0          0         80   exit.o
         6          0          0          0          0        152   heapauxi.o
         0          0          0          0          0          0   indicate_semi.o
         2          0          0          0          0          0   libinit.o
        10          0          0          0          0          0   libinit2.o
         2          0          0          0          0          0   libshutdown.o
         2          0          0          0          0          0   libshutdown2.o
         8          4          0          0         96         68   libspace.o
       238          0          0          0          0        100   lludivv7m.o
       112         18          0          0        228        160   rand.o
        68          0          0          0          0         68   rt_memclr.o
        78          0          0          0          0         80   rt_memclr_w.o
       138          0          0          0          0         68   rt_memcpy_v6.o
       100          0          0          0          0         80   rt_memcpy_w.o
         2          0          0          0          0          0   rtexit.o
        10          0          0          0          0          0   rtexit2.o
        12          4          0          0          0         68   sys_exit.o
        74          0          0          0          0         80   sys_stackheap_outer.o
         2          0          0          0          0         68   use_no_semi.o
        10          0          0          0          0        116   fpinit.o

    ----------------------------------------------------------------------
      1048         34          0          0        324       1324   Library Totals
         8          0          0          0          0          0   (incl. Padding)

    ----------------------------------------------------------------------

      Code (inc. data)   RO Data    RW Data    ZI Data      Debug   Library Name

      1030         34          0          0        324       1208   c_w.l
        10          0          0          0          0        116   fz_wm.l

    ----------------------------------------------------------------------
      1048         34          0          0        324       1324   Library Totals

    ----------------------------------------------------------------------

==============================================================================


      Code (inc. data)   RO Data    RW Data    ZI Data      Debug   

     14158        960       3498        216      39880    1660791   Grand Totals
     14158        960       3498        216      39880    1660791   ELF Image Totals
     14158        960       3498        216          0          0   ROM Totals

==============================================================================

    Total RO  Size (Code + RO Data)                17656 (  17.24kB)
    Total RW  Size (RW Data + ZI Data)             40096 (  39.16kB)
    Total ROM Size (Code + RO Data + RW Data)      17872 (  17.45kB)

==============================================================================

